Archive member included because of file (symbol)

/usr/local/Cellar/arm-none-eabi-gcc/20150921/bin/../lib/gcc/arm-none-eabi/4.9.3/armv7-m/libgcc.a(_arm_addsubdf3.o)
                              ./Libraries/Drivers/BH1750/bh1750.o (__aeabi_i2d)
/usr/local/Cellar/arm-none-eabi-gcc/20150921/bin/../lib/gcc/arm-none-eabi/4.9.3/armv7-m/libgcc.a(_arm_muldivdf3.o)
                              ./Libraries/Drivers/BH1750/bh1750.o (__aeabi_ddiv)
/usr/local/Cellar/arm-none-eabi-gcc/20150921/bin/../lib/gcc/arm-none-eabi/4.9.3/armv7-m/libgcc.a(_arm_fixunsdfsi.o)
                              ./Libraries/Drivers/BH1750/bh1750.o (__aeabi_d2uiz)
/usr/local/Cellar/arm-none-eabi-gcc/20150921/bin/../lib/gcc/arm-none-eabi/4.9.3/../../../../arm-none-eabi/lib/armv7-m/libc.a(lib_a-memcpy.o)
                              ./FreeRTOS/Source/queue.o (memcpy)
/usr/local/Cellar/arm-none-eabi-gcc/20150921/bin/../lib/gcc/arm-none-eabi/4.9.3/../../../../arm-none-eabi/lib/armv7-m/libc.a(lib_a-memset.o)
                              ./FreeRTOS/Source/tasks.o (memset)
/usr/local/Cellar/arm-none-eabi-gcc/20150921/bin/../lib/gcc/arm-none-eabi/4.9.3/../../../../arm-none-eabi/lib/armv7-m/libc.a(lib_a-reent.o)
                              ./Device/startup/newlib_stubs.o (errno)
/usr/local/Cellar/arm-none-eabi-gcc/20150921/bin/../lib/gcc/arm-none-eabi/4.9.3/../../../../arm-none-eabi/lib/armv7-m/libc.a(lib_a-sprintf.o)
                              mytasks.o (sprintf)
/usr/local/Cellar/arm-none-eabi-gcc/20150921/bin/../lib/gcc/arm-none-eabi/4.9.3/../../../../arm-none-eabi/lib/armv7-m/libc.a(lib_a-strlen.o)
                              mytasks.o (strlen)
/usr/local/Cellar/arm-none-eabi-gcc/20150921/bin/../lib/gcc/arm-none-eabi/4.9.3/../../../../arm-none-eabi/lib/armv7-m/libc.a(lib_a-svfprintf.o)
                              /usr/local/Cellar/arm-none-eabi-gcc/20150921/bin/../lib/gcc/arm-none-eabi/4.9.3/../../../../arm-none-eabi/lib/armv7-m/libc.a(lib_a-sprintf.o) (_svfprintf_r)
/usr/local/Cellar/arm-none-eabi-gcc/20150921/bin/../lib/gcc/arm-none-eabi/4.9.3/../../../../arm-none-eabi/lib/armv7-m/libc.a(lib_a-dtoa.o)
                              /usr/local/Cellar/arm-none-eabi-gcc/20150921/bin/../lib/gcc/arm-none-eabi/4.9.3/../../../../arm-none-eabi/lib/armv7-m/libc.a(lib_a-svfprintf.o) (_dtoa_r)
/usr/local/Cellar/arm-none-eabi-gcc/20150921/bin/../lib/gcc/arm-none-eabi/4.9.3/../../../../arm-none-eabi/lib/armv7-m/libc.a(lib_a-freer.o)
                              /usr/local/Cellar/arm-none-eabi-gcc/20150921/bin/../lib/gcc/arm-none-eabi/4.9.3/../../../../arm-none-eabi/lib/armv7-m/libc.a(lib_a-reent.o) (_free_r)
/usr/local/Cellar/arm-none-eabi-gcc/20150921/bin/../lib/gcc/arm-none-eabi/4.9.3/../../../../arm-none-eabi/lib/armv7-m/libc.a(lib_a-impure.o)
                              /usr/local/Cellar/arm-none-eabi-gcc/20150921/bin/../lib/gcc/arm-none-eabi/4.9.3/../../../../arm-none-eabi/lib/armv7-m/libc.a(lib_a-reent.o) (_impure_ptr)
/usr/local/Cellar/arm-none-eabi-gcc/20150921/bin/../lib/gcc/arm-none-eabi/4.9.3/../../../../arm-none-eabi/lib/armv7-m/libc.a(lib_a-locale.o)
                              /usr/local/Cellar/arm-none-eabi-gcc/20150921/bin/../lib/gcc/arm-none-eabi/4.9.3/../../../../arm-none-eabi/lib/armv7-m/libc.a(lib_a-svfprintf.o) (_localeconv_r)
/usr/local/Cellar/arm-none-eabi-gcc/20150921/bin/../lib/gcc/arm-none-eabi/4.9.3/../../../../arm-none-eabi/lib/armv7-m/libc.a(lib_a-mallocr.o)
                              /usr/local/Cellar/arm-none-eabi-gcc/20150921/bin/../lib/gcc/arm-none-eabi/4.9.3/../../../../arm-none-eabi/lib/armv7-m/libc.a(lib_a-svfprintf.o) (_malloc_r)
/usr/local/Cellar/arm-none-eabi-gcc/20150921/bin/../lib/gcc/arm-none-eabi/4.9.3/../../../../arm-none-eabi/lib/armv7-m/libc.a(lib_a-memchr.o)
                              /usr/local/Cellar/arm-none-eabi-gcc/20150921/bin/../lib/gcc/arm-none-eabi/4.9.3/../../../../arm-none-eabi/lib/armv7-m/libc.a(lib_a-svfprintf.o) (memchr)
/usr/local/Cellar/arm-none-eabi-gcc/20150921/bin/../lib/gcc/arm-none-eabi/4.9.3/../../../../arm-none-eabi/lib/armv7-m/libc.a(lib_a-mlock.o)
                              /usr/local/Cellar/arm-none-eabi-gcc/20150921/bin/../lib/gcc/arm-none-eabi/4.9.3/../../../../arm-none-eabi/lib/armv7-m/libc.a(lib_a-freer.o) (__malloc_lock)
/usr/local/Cellar/arm-none-eabi-gcc/20150921/bin/../lib/gcc/arm-none-eabi/4.9.3/../../../../arm-none-eabi/lib/armv7-m/libc.a(lib_a-mprec.o)
                              /usr/local/Cellar/arm-none-eabi-gcc/20150921/bin/../lib/gcc/arm-none-eabi/4.9.3/../../../../arm-none-eabi/lib/armv7-m/libc.a(lib_a-dtoa.o) (_Balloc)
/usr/local/Cellar/arm-none-eabi-gcc/20150921/bin/../lib/gcc/arm-none-eabi/4.9.3/../../../../arm-none-eabi/lib/armv7-m/libc.a(lib_a-s_fpclassify.o)
                              /usr/local/Cellar/arm-none-eabi-gcc/20150921/bin/../lib/gcc/arm-none-eabi/4.9.3/../../../../arm-none-eabi/lib/armv7-m/libc.a(lib_a-svfprintf.o) (__fpclassifyd)
[...]
Memory Configuration

Name             Origin             Length             Attributes
FLASH            0x0000000008000000 0x0000000000020000 xr
RAM              0x0000000020000000 0x0000000000005000 xrw
*default*        0x0000000000000000 0xffffffffffffffff

Linker script and memory map

LOAD main.o
LOAD stm32f10x_it.o
LOAD ./Libraries/CMSIS/CM3/CoreSupport/core_cm3.o
LOAD ./Libraries/CMSIS/CM3/DeviceSupport/ST/STM32F10x/system_stm32f10x.o
LOAD ./Device/startup/crt.o
LOAD ./Device/startup/vectors_stm32f10x_md.o
LOAD ./Device/startup/newlib_stubs.o
LOAD ./Libraries/Drivers/Utilities/delay.o
LOAD ./Libraries/Drivers/Leds/leds.o
LOAD ./Libraries/Drivers/Buttons/buttons.o
LOAD ./Libraries/Drivers/Usart/usart.o
LOAD ./Libraries/Drivers/i2c/i2c1_remap.o
LOAD ./Libraries/Drivers/BH1750/bh1750.o
LOAD mytasks.o
LOAD ./FreeRTOS/Source/portable/GCC/ARM_CM3/port.o
LOAD ./FreeRTOS/Source/portable/MemMang/heap_2.o
LOAD ./FreeRTOS/Source/tasks.o
LOAD ./FreeRTOS/Source/queue.o
LOAD ./FreeRTOS/Source/list.o
LOAD ./Libraries/STM32F10x_StdPeriph_Driver/src/stm32f10x_usart.o
LOAD ./Libraries/STM32F10x_StdPeriph_Driver/src/stm32f10x_i2c.o
LOAD ./Libraries/STM32F10x_StdPeriph_Driver/src/stm32f10x_gpio.o
LOAD ./Libraries/STM32F10x_StdPeriph_Driver/src/stm32f10x_rcc.o
LOAD ./Libraries/STM32F10x_StdPeriph_Driver/src/stm32f10x_spi.o
LOAD ./Libraries/STM32F10x_StdPeriph_Driver/src/stm32f10x_fsmc.o
LOAD ./Libraries/STM32F10x_StdPeriph_Driver/src/stm32f10x_exti.o
LOAD ./Libraries/STM32F10x_StdPeriph_Driver/src/misc.o
LOAD /usr/local/Cellar/arm-none-eabi-gcc/20150921/bin/../lib/gcc/arm-none-eabi/4.9.3/../../../../arm-none-eabi/lib/armv7-m/libm.a
START GROUP
LOAD /usr/local/Cellar/arm-none-eabi-gcc/20150921/bin/../lib/gcc/arm-none-eabi/4.9.3/armv7-m/libgcc.a
LOAD /usr/local/Cellar/arm-none-eabi-gcc/20150921/bin/../lib/gcc/arm-none-eabi/4.9.3/../../../../arm-none-eabi/lib/armv7-m/libc.a
END GROUP

.text           0x0000000008000000     0x9720
                0x0000000008000000                _stext = .
 CREATE_OBJECT_SYMBOLS
 *(.vectors)
 .vectors       0x0000000008000000       0xec ./Device/startup/vectors_stm32f10x_md.o
                0x0000000008000000                gVectors
 *(.text)
 .text          0x00000000080000ec       0x24 main.o
                0x00000000080000ec                DelayAAA
                0x0000000008000100                vApplicationStackOverflowHook
 .text          0x0000000008000110       0x98 stm32f10x_it.o
                0x0000000008000110                NMI_Handler
                0x0000000008000112                HardFault_Handler
                0x0000000008000114                MemManage_Handler
                0x0000000008000116                BusFault_Handler
                0x0000000008000118                UsageFault_Handler
                0x000000000800011a                DebugMon_Handler
                0x000000000800011c                EXTI0_IRQHandler
                0x000000000800011e                EXTI3_IRQHandler
                0x0000000008000120                EXTI9_5_IRQHandler
                0x0000000008000122                EXTI15_10_IRQHandler
                0x0000000008000124                USART1_IRQHandler
 .text          0x00000000080001a8       0x8a ./Libraries/CMSIS/CM3/CoreSupport/core_cm3.o
                0x00000000080001a8                __get_PSP
                0x00000000080001b0                __set_PSP
                0x00000000080001b6                __get_MSP
                0x00000000080001be                __set_MSP
                0x00000000080001c4                __get_BASEPRI
                0x00000000080001ca                __set_BASEPRI
                0x00000000080001d0                __get_PRIMASK
                0x00000000080001d6                __set_PRIMASK
                0x00000000080001dc                __get_FAULTMASK
                0x00000000080001e2                __set_FAULTMASK
                0x00000000080001e8                __get_CONTROL
                0x00000000080001ee                __set_CONTROL
                0x00000000080001f4                __REV
                0x00000000080001f8                __REV16
                0x00000000080001fc                __REVSH
                0x0000000008000200                __RBIT
                0x0000000008000206                __LDREXB
                0x000000000800020e                __LDREXH
                0x0000000008000216                __LDREXW
                0x000000000800021c                __STREXB
                0x0000000008000224                __STREXH
                0x000000000800022c                __STREXW
 *fill*         0x0000000008000232        0x2 00000000
 .text          0x0000000008000234      0x14c ./Libraries/CMSIS/CM3/DeviceSupport/ST/STM32F10x/system_stm32f10x.o
                0x0000000008000234                SystemInit
                0x0000000008000328                SystemCoreClockUpdate
 .text          0x0000000008000380       0x54 ./Device/startup/crt.o
                0x0000000008000382                ResetHandler
 .text          0x00000000080003d4       0x68 ./Device/startup/vectors_stm32f10x_md.o
                0x00000000080003e0                WWDG_IRQHandler
                0x00000000080003e2                PVD_IRQHandler
                0x00000000080003e4                TAMPER_IRQHandler
                0x00000000080003e6                RTC_IRQHandler
                0x00000000080003e8                FLASH_IRQHandler
                0x00000000080003ea                RCC_IRQHandler
                0x00000000080003ee                EXTI1_IRQHandler
                0x00000000080003f0                EXTI2_IRQHandler
                0x00000000080003f4                EXTI4_IRQHandler
                0x00000000080003f6                DMA1_Channel1_IRQHandler
                0x00000000080003f8                DMA1_Channel2_IRQHandler
                0x00000000080003fa                DMA1_Channel3_IRQHandler
                0x00000000080003fc                DMA1_Channel4_IRQHandler
                0x00000000080003fe                DMA1_Channel5_IRQHandler
                0x0000000008000400                DMA1_Channel6_IRQHandler
                0x0000000008000402                DMA1_Channel7_IRQHandler
                0x0000000008000404                ADC1_2_IRQHandler
                0x0000000008000406                USB_HP_CAN_TX_IRQHandler
                0x0000000008000408                USB_LP_CAN_RX0_IRQHandler
                0x000000000800040a                CAN_RX1_IRQHandler
                0x000000000800040c                CAN_SCE_IRQHandler
                0x0000000008000410                TIM1_BRK_IRQHandler
                0x0000000008000412                TIM1_UP_IRQHandler
                0x0000000008000414                TIM1_TRG_COM_IRQHandler
                0x0000000008000416                TIM1_CC_IRQHandler
                0x0000000008000418                TIM2_IRQHandler
                0x000000000800041a                TIM3_IRQHandler
                0x000000000800041c                TIM4_IRQHandler
                0x000000000800041e                I2C1_EV_IRQHandler
                0x0000000008000420                I2C1_ER_IRQHandler
                0x0000000008000422                I2C2_EV_IRQHandler
                0x0000000008000424                I2C2_ER_IRQHandler
                0x0000000008000426                SPI1_IRQHandler
                0x0000000008000428                SPI2_IRQHandler
                0x000000000800042c                USART2_IRQHandler
                0x000000000800042e                USART3_IRQHandler
                0x0000000008000432                RTCAlarm_IRQHandler
                0x0000000008000434                USBWakeUp_IRQHandler
                0x0000000008000436                SVC_Handler
                0x0000000008000438                PendSV_Handler
                0x000000000800043a                SysTick_Handler
 .text          0x000000000800043c      0x17c ./Device/startup/newlib_stubs.o
                0x000000000800043c                _close
                0x0000000008000442                _execve
                0x0000000008000454                _fork
                0x0000000008000464                _fstat
                0x000000000800046e                _getpid
                0x0000000008000472                _isatty
                0x0000000008000488                _kill
                0x0000000008000498                _link
                0x00000000080004a8                _lseek
                0x00000000080004ac                _sbrk
                0x00000000080004e8                _read
                0x0000000008000520                _stat
                0x000000000800052a                _times
                0x0000000008000530                _unlink
                0x0000000008000540                _wait
                0x0000000008000550                _write
                0x00000000080005a4                _exit
 .text          0x00000000080005b8        0x6 ./Libraries/Drivers/Utilities/delay.o
                0x00000000080005b8                Delay
                0x00000000080005ba                delay_ms
 *fill*         0x00000000080005be        0x2 00000000
 .text          0x00000000080005c0       0xec ./Libraries/Drivers/Leds/leds.o
                0x00000000080005c0                LEDsInit
                0x00000000080005f8                LEDOn
                0x0000000008000618                LEDOff
                0x0000000008000638                LEDToggle
                0x000000000800068c                isLEDOn
 .text          0x00000000080006ac       0x3c ./Libraries/Drivers/Buttons/buttons.o
                0x00000000080006ac                ButtonsInit
                0x00000000080006d8                ButtonRead
 .text          0x00000000080006e8      0x168 ./Libraries/Drivers/Usart/usart.o
                0x00000000080006e8                Usart1Init
                0x00000000080007b0                Usart1PutChar
                0x00000000080007e8                USART1PutString
                0x0000000008000834                Usart1GetChar
 .text          0x0000000008000850      0x178 ./Libraries/Drivers/i2c/i2c1_remap.o
                0x0000000008000850                I2C1_Init
                0x00000000080008d0                I2C1_BeginTransmission
                0x0000000008000914                I2C1_EndTransmission
                0x0000000008000920                I2C1_Write
                0x0000000008000944                I2C1_RequestFrom
                0x00000000080009c4                I2C1_SlaveAtAddress
 .text          0x00000000080009c8       0x84 ./Libraries/Drivers/BH1750/bh1750.o
                0x00000000080009c8                BH1750readLightLevel
                0x0000000008000a04                write8
                0x0000000008000a1c                BH1750configure
                0x0000000008000a38                BH1750Init
 .text          0x0000000008000a4c      0x1c8 mytasks.o
                0x0000000008000a4c                vLEDFlashTask
                0x0000000008000a82                vButtonCheckTask
                0x0000000008000b44                vButtonLEDsTask
                0x0000000008000ba4                vUSARTTask
 *fill*         0x0000000008000c14        0xc 00000000
 .text          0x0000000008000c20      0x16c ./FreeRTOS/Source/portable/GCC/ARM_CM3/port.o
                0x0000000008000c4c                pxPortInitialiseStack
                0x0000000008000c70                vPortSVCHandler
                0x0000000008000c94                vPortEndScheduler
                0x0000000008000c96                vPortEnterCritical
                0x0000000008000cb4                vPortExitCritical
                0x0000000008000cc8                xPortPendSVHandler
                0x0000000008000d14                xPortSysTickHandler
                0x0000000008000d40                vPortSetupTimerInterrupt
                0x0000000008000d58                xPortStartScheduler
 .text          0x0000000008000d8c      0x104 ./FreeRTOS/Source/portable/MemMang/heap_2.o
                0x0000000008000d8c                pvPortMalloc
                0x0000000008000e40                vPortFree
                0x0000000008000e80                xPortGetFreeHeapSize
                0x0000000008000e8c                vPortInitialiseBlocks
 .text          0x0000000008000e90      0xed4 ./FreeRTOS/Source/tasks.o
                0x0000000008000f3c                xTaskCreate
                0x00000000080010c0                vTaskDelete
                0x0000000008001168                uxTaskPriorityGet
                0x0000000008001184                uxTaskPriorityGetFromISR
                0x00000000080011ac                vTaskPrioritySet
                0x0000000008001274                vTaskResume
                0x00000000080012e0                xTaskResumeFromISR
                0x000000000800135c                vTaskStartScheduler
                0x00000000080013b0                vTaskEndScheduler
                0x00000000080013d0                vTaskSuspendAll
                0x00000000080013e4                xTaskGetTickCount
                0x00000000080013f0                xTaskGetTickCountFromISR
                0x00000000080013fc                uxTaskGetNumberOfTasks
                0x0000000008001408                pcTaskGetName
                0x0000000008001418                xTaskIncrementTick
                0x00000000080014e0                xTaskResumeAll
                0x000000000800159c                vTaskDelayUntil
                0x00000000080015f8                vTaskDelay
                0x0000000008001698                vTaskSwitchContext
                0x0000000008001720                vTaskSuspend
                0x00000000080017bc                vTaskPlaceOnEventList
                0x00000000080017dc                vTaskPlaceOnUnorderedEventList
                0x0000000008001804                xTaskRemoveFromEventList
                0x0000000008001860                xTaskRemoveFromUnorderedEventList
                0x00000000080018b0                vTaskSetTimeOutState
                0x00000000080018c4                xTaskCheckForTimeOut
                0x000000000800190c                vTaskMissedYield
                0x000000000800191c                xTaskGetCurrentTaskHandle
                0x0000000008001928                vTaskPriorityInherit
                0x00000000080019b8                xTaskPriorityDisinherit
                0x0000000008001a28                uxTaskResetEventItemValue
                0x0000000008001a40                pvTaskIncrementMutexHeldCount
                0x0000000008001a58                ulTaskNotifyTake
                0x0000000008001ac0                xTaskNotifyWait
                0x0000000008001b4c                xTaskGenericNotify
                0x0000000008001bec                xTaskGenericNotifyFromISR
                0x0000000008001cac                vTaskNotifyGiveFromISR
                0x0000000008001d38                xTaskNotifyStateClear
 .text          0x0000000008001d64      0x5e4 ./FreeRTOS/Source/queue.o
                0x0000000008001e64                xQueueGenericReset
                0x0000000008001ed0                xQueueGenericCreate
                0x0000000008001f04                xQueueCreateCountingSemaphore
                0x0000000008001f16                xQueueGenericSend
                0x000000000800200c                xQueueCreateMutex
                0x0000000008002030                xQueueGiveMutexRecursive
                0x000000000800205a                xQueueGenericSendFromISR
                0x00000000080020bc                xQueueGiveFromISR
                0x0000000008002112                xQueueGenericReceive
                0x000000000800223c                xQueueTakeMutexRecursive
                0x000000000800226c                xQueueReceiveFromISR
                0x00000000080022d0                xQueuePeekFromISR
                0x0000000008002300                uxQueueMessagesWaiting
                0x0000000008002312                uxQueueSpacesAvailable
                0x0000000008002328                uxQueueMessagesWaitingFromISR
                0x000000000800232c                vQueueDelete
                0x0000000008002330                xQueueIsQueueEmptyFromISR
                0x000000000800233a                xQueueIsQueueFullFromISR
 .text          0x0000000008002348       0x84 ./FreeRTOS/Source/list.o
                0x0000000008002348                vListInitialise
                0x000000000800235e                vListInitialiseItem
                0x0000000008002364                vListInsertEnd
                0x000000000800237c                vListInsert
                0x00000000080023ac                uxListRemove
 .text          0x00000000080023cc      0x39c ./Libraries/STM32F10x_StdPeriph_Driver/src/stm32f10x_usart.o
                0x00000000080023cc                USART_DeInit
                0x0000000008002464                USART_Init
                0x0000000008002510                USART_StructInit
                0x0000000008002526                USART_ClockInit
                0x0000000008002546                USART_ClockStructInit
                0x0000000008002552                USART_Cmd
                0x000000000800256a                USART_ITConfig
                0x000000000800259c                USART_DMACmd
                0x00000000080025ae                USART_SetAddress
                0x00000000080025c4                USART_WakeUpConfig
                0x00000000080025da                USART_ReceiverWakeUpCmd
                0x00000000080025f2                USART_LINBreakDetectLengthConfig
                0x0000000008002608                USART_LINCmd
                0x0000000008002620                USART_SendData
                0x0000000008002628                USART_ReceiveData
                0x0000000008002630                USART_SendBreak
                0x000000000800263c                USART_SetGuardTime
                0x000000000800264e                USART_SetPrescaler
                0x0000000008002660                USART_SmartCardCmd
                0x0000000008002678                USART_SmartCardNACKCmd
                0x0000000008002690                USART_HalfDuplexCmd
                0x00000000080026a8                USART_OverSampling8Cmd
                0x00000000080026c0                USART_OneBitMethodCmd
                0x00000000080026d8                USART_IrDAConfig
                0x00000000080026ee                USART_IrDACmd
                0x0000000008002706                USART_GetFlagStatus
                0x0000000008002712                USART_ClearFlag
                0x000000000800271a                USART_GetITStatus
                0x0000000008002758                USART_ClearITPendingBit
 .text          0x0000000008002768      0x3b8 ./Libraries/STM32F10x_StdPeriph_Driver/src/stm32f10x_i2c.o
                0x0000000008002768                I2C_DeInit
                0x000000000800279c                I2C_Init
                0x0000000008002870                I2C_StructInit
                0x000000000800288c                I2C_Cmd
                0x00000000080028a4                I2C_DMACmd
                0x00000000080028bc                I2C_DMALastTransferCmd
                0x00000000080028d4                I2C_GenerateSTART
                0x00000000080028ec                I2C_GenerateSTOP
                0x0000000008002904                I2C_AcknowledgeConfig
                0x000000000800291c                I2C_OwnAddress2Config
                0x000000000800292e                I2C_DualAddressCmd
                0x0000000008002946                I2C_GeneralCallCmd
                0x000000000800295e                I2C_ITConfig
                0x0000000008002970                I2C_SendData
                0x0000000008002974                I2C_ReceiveData
                0x000000000800297a                I2C_Send7bitAddress
                0x000000000800298c                I2C_ReadRegister
                0x00000000080029a4                I2C_SoftwareResetCmd
                0x00000000080029bc                I2C_NACKPositionConfig
                0x00000000080029d8                I2C_SMBusAlertConfig
                0x00000000080029f4                I2C_TransmitPEC
                0x0000000008002a0c                I2C_PECPositionConfig
                0x0000000008002a28                I2C_CalculatePEC
                0x0000000008002a40                I2C_GetPEC
                0x0000000008002a48                I2C_ARPCmd
                0x0000000008002a60                I2C_StretchClockCmd
                0x0000000008002a78                I2C_FastModeDutyCycleConfig
                0x0000000008002a94                I2C_CheckEvent
                0x0000000008002ab0                I2C_GetLastEvent
                0x0000000008002ac0                I2C_GetFlagStatus
                0x0000000008002af4                I2C_ClearFlag
                0x0000000008002afc                I2C_GetITStatus
                0x0000000008002b18                I2C_ClearITPendingBit
 .text          0x0000000008002b20      0x274 ./Libraries/STM32F10x_StdPeriph_Driver/src/stm32f10x_gpio.o
                0x0000000008002b20                GPIO_DeInit
                0x0000000008002bcc                GPIO_AFIODeInit
                0x0000000008002be2                GPIO_Init
                0x0000000008002c7e                GPIO_StructInit
                0x0000000008002c8e                GPIO_ReadInputDataBit
                0x0000000008002c9a                GPIO_ReadInputData
                0x0000000008002ca0                GPIO_ReadOutputDataBit
                0x0000000008002cac                GPIO_ReadOutputData
                0x0000000008002cb2                GPIO_SetBits
                0x0000000008002cb6                GPIO_ResetBits
                0x0000000008002cba                GPIO_WriteBit
                0x0000000008002cc4                GPIO_Write
                0x0000000008002cc8                GPIO_PinLockConfig
                0x0000000008002cd8                GPIO_EventOutputConfig
                0x0000000008002cf4                GPIO_EventOutputCmd
                0x0000000008002d00                GPIO_PinRemapConfig
                0x0000000008002d60                GPIO_EXTILineConfig
                0x0000000008002d8a                GPIO_ETH_MediaInterfaceConfig
 .text          0x0000000008002d94      0x340 ./Libraries/STM32F10x_StdPeriph_Driver/src/stm32f10x_rcc.o
                0x0000000008002d94                RCC_DeInit
                0x0000000008002dd4                RCC_HSEConfig
                0x0000000008002e0c                RCC_AdjustHSICalibrationValue
                0x0000000008002e20                RCC_HSICmd
                0x0000000008002e2c                RCC_PLLConfig
                0x0000000008002e40                RCC_PLLCmd
                0x0000000008002e4c                RCC_SYSCLKConfig
                0x0000000008002e60                RCC_GetSYSCLKSource
                0x0000000008002e70                RCC_HCLKConfig
                0x0000000008002e84                RCC_PCLK1Config
                0x0000000008002e98                RCC_PCLK2Config
                0x0000000008002eac                RCC_ITConfig
                0x0000000008002ec4                RCC_USBCLKConfig
                0x0000000008002ed0                RCC_ADCCLKConfig
                0x0000000008002ee4                RCC_LSEConfig
                0x0000000008002f04                RCC_LSICmd
                0x0000000008002f10                RCC_RTCCLKConfig
                0x0000000008002f20                RCC_RTCCLKCmd
                0x0000000008002f2c                RCC_GetClocksFreq
                0x0000000008002fb0                RCC_AHBPeriphClockCmd
                0x0000000008002fc8                RCC_APB2PeriphClockCmd
                0x0000000008002fe0                RCC_APB1PeriphClockCmd
                0x0000000008002ff8                RCC_APB2PeriphResetCmd
                0x0000000008003010                RCC_APB1PeriphResetCmd
                0x0000000008003028                RCC_BackupResetCmd
                0x0000000008003034                RCC_ClockSecuritySystemCmd
                0x0000000008003040                RCC_MCOConfig
                0x000000000800304c                RCC_GetFlagStatus
                0x0000000008003074                RCC_WaitForHSEStartUp
                0x00000000080030a4                RCC_ClearFlag
                0x00000000080030b4                RCC_GetITStatus
                0x00000000080030c8                RCC_ClearITPendingBit
 .text          0x00000000080030d4      0x2c0 ./Libraries/STM32F10x_StdPeriph_Driver/src/stm32f10x_spi.o
                0x00000000080030d4                SPI_I2S_DeInit
                0x0000000008003138                SPI_Init
                0x0000000008003176                I2S_Init
                0x0000000008003218                SPI_StructInit
                0x0000000008003230                I2S_StructInit
                0x0000000008003242                SPI_Cmd
                0x000000000800325a                I2S_Cmd
                0x0000000008003272                SPI_I2S_ITConfig
                0x0000000008003290                SPI_I2S_DMACmd
                0x00000000080032a2                SPI_I2S_SendData
                0x00000000080032a6                SPI_I2S_ReceiveData
                0x00000000080032ac                SPI_NSSInternalSoftwareConfig
                0x00000000080032ca                SPI_SSOutputCmd
                0x00000000080032e2                SPI_DataSizeConfig
                0x00000000080032f8                SPI_TransmitCRC
                0x0000000008003304                SPI_CalculateCRC
                0x000000000800331c                SPI_GetCRC
                0x0000000008003328                SPI_GetCRCPolynomial
                0x000000000800332e                SPI_BiDirectionalLineConfig
                0x000000000800334a                SPI_I2S_GetFlagStatus
                0x0000000008003356                SPI_I2S_ClearFlag
                0x000000000800335e                SPI_I2S_GetITStatus
                0x0000000008003384                SPI_I2S_ClearITPendingBit
 .text          0x0000000008003394      0x448 ./Libraries/STM32F10x_StdPeriph_Driver/src/stm32f10x_fsmc.o
                0x0000000008003394                FSMC_NORSRAMDeInit
                0x00000000080033bc                FSMC_NANDDeInit
                0x00000000080033e0                FSMC_PCCARDDeInit
                0x00000000080033fc                FSMC_NORSRAMInit
                0x00000000080034b4                FSMC_NANDInit
                0x0000000008003524                FSMC_PCCARDInit
                0x000000000800358c                FSMC_NORSRAMStructInit
                0x00000000080035da                FSMC_NANDStructInit
                0x0000000008003604                FSMC_PCCARDStructInit
                0x000000000800362e                FSMC_NORSRAMCmd
                0x000000000800364c                FSMC_NANDCmd
                0x000000000800367c                FSMC_PCCARDCmd
                0x000000000800369c                FSMC_NANDECCCmd
                0x00000000080036cc                FSMC_GetECC
                0x00000000080036e0                FSMC_ITConfig
                0x0000000008003724                FSMC_GetFlagStatus
                0x0000000008003750                FSMC_ClearFlag
                0x000000000800377c                FSMC_GetITStatus
                0x00000000080037b0                FSMC_ClearITPendingBit
 .text          0x00000000080037dc       0xf8 ./Libraries/STM32F10x_StdPeriph_Driver/src/stm32f10x_exti.o
                0x00000000080037dc                EXTI_DeInit
                0x00000000080037f8                EXTI_Init
                0x0000000008003870                EXTI_StructInit
                0x000000000800387e                EXTI_GenerateSWInterrupt
                0x000000000800388c                EXTI_GetFlagStatus
                0x00000000080038a0                EXTI_ClearFlag
                0x00000000080038ac                EXTI_GetITStatus
                0x00000000080038c8                EXTI_ClearITPendingBit
 .text          0x00000000080038d4       0xc4 ./Libraries/STM32F10x_StdPeriph_Driver/src/misc.o
                0x00000000080038d4                NVIC_PriorityGroupConfig
                0x00000000080038e8                NVIC_Init
                0x0000000008003954                NVIC_SetVectorTable
                0x0000000008003968                NVIC_SystemLPConfig
                0x0000000008003980                SysTick_CLKSourceConfig
 .text          0x0000000008003998      0x370 /usr/local/Cellar/arm-none-eabi-gcc/20150921/bin/../lib/gcc/arm-none-eabi/4.9.3/armv7-m/libgcc.a(_arm_addsubdf3.o)
                0x0000000008003998                __aeabi_drsub
                0x00000000080039a0                __subdf3
                0x00000000080039a0                __aeabi_dsub
                0x00000000080039a4                __aeabi_dadd
                0x00000000080039a4                __adddf3
                0x0000000008003c1c                __aeabi_ui2d
                0x0000000008003c1c                __floatunsidf
                0x0000000008003c3c                __floatsidf
                0x0000000008003c3c                __aeabi_i2d
                0x0000000008003c60                __extendsfdf2
                0x0000000008003c60                __aeabi_f2d
                0x0000000008003c9c                __aeabi_ul2d
                0x0000000008003c9c                __floatundidf
                0x0000000008003cac                __aeabi_l2d
                0x0000000008003cac                __floatdidf
 .text          0x0000000008003d08      0x424 /usr/local/Cellar/arm-none-eabi-gcc/20150921/bin/../lib/gcc/arm-none-eabi/4.9.3/armv7-m/libgcc.a(_arm_muldivdf3.o)
                0x0000000008003d08                __aeabi_dmul
                0x0000000008003d08                __muldf3
                0x0000000008003f5c                __aeabi_ddiv
                0x0000000008003f5c                __divdf3
 .text          0x000000000800412c       0x40 /usr/local/Cellar/arm-none-eabi-gcc/20150921/bin/../lib/gcc/arm-none-eabi/4.9.3/armv7-m/libgcc.a(_arm_fixunsdfsi.o)
                0x000000000800412c                __fixunsdfsi
                0x000000000800412c                __aeabi_d2uiz
 .text          0x000000000800416c       0xec /usr/local/Cellar/arm-none-eabi-gcc/20150921/bin/../lib/gcc/arm-none-eabi/4.9.3/../../../../arm-none-eabi/lib/armv7-m/libc.a(lib_a-memcpy.o)
                0x000000000800416c                memcpy
 .text          0x0000000008004258        0x0 /usr/local/Cellar/arm-none-eabi-gcc/20150921/bin/../lib/gcc/arm-none-eabi/4.9.3/../../../../arm-none-eabi/lib/armv7-m/libc.a(lib_a-memset.o)
 .text          0x0000000008004258        0x0 /usr/local/Cellar/arm-none-eabi-gcc/20150921/bin/../lib/gcc/arm-none-eabi/4.9.3/../../../../arm-none-eabi/lib/armv7-m/libc.a(lib_a-reent.o)
 .text          0x0000000008004258        0x0 /usr/local/Cellar/arm-none-eabi-gcc/20150921/bin/../lib/gcc/arm-none-eabi/4.9.3/../../../../arm-none-eabi/lib/armv7-m/libc.a(lib_a-sprintf.o)
 .text          0x0000000008004258        0x0 /usr/local/Cellar/arm-none-eabi-gcc/20150921/bin/../lib/gcc/arm-none-eabi/4.9.3/../../../../arm-none-eabi/lib/armv7-m/libc.a(lib_a-strlen.o)
 .text          0x0000000008004258        0x0 /usr/local/Cellar/arm-none-eabi-gcc/20150921/bin/../lib/gcc/arm-none-eabi/4.9.3/../../../../arm-none-eabi/lib/armv7-m/libc.a(lib_a-svfprintf.o)
 .text          0x0000000008004258        0x0 /usr/local/Cellar/arm-none-eabi-gcc/20150921/bin/../lib/gcc/arm-none-eabi/4.9.3/../../../../arm-none-eabi/lib/armv7-m/libc.a(lib_a-dtoa.o)
 .text          0x0000000008004258        0x0 /usr/local/Cellar/arm-none-eabi-gcc/20150921/bin/../lib/gcc/arm-none-eabi/4.9.3/../../../../arm-none-eabi/lib/armv7-m/libc.a(lib_a-freer.o)
 .text          0x0000000008004258        0x0 /usr/local/Cellar/arm-none-eabi-gcc/20150921/bin/../lib/gcc/arm-none-eabi/4.9.3/../../../../arm-none-eabi/lib/armv7-m/libc.a(lib_a-impure.o)
 .text          0x0000000008004258        0x0 /usr/local/Cellar/arm-none-eabi-gcc/20150921/bin/../lib/gcc/arm-none-eabi/4.9.3/../../../../arm-none-eabi/lib/armv7-m/libc.a(lib_a-locale.o)
 .text          0x0000000008004258        0x0 /usr/local/Cellar/arm-none-eabi-gcc/20150921/bin/../lib/gcc/arm-none-eabi/4.9.3/../../../../arm-none-eabi/lib/armv7-m/libc.a(lib_a-mallocr.o)
 .text          0x0000000008004258        0x0 /usr/local/Cellar/arm-none-eabi-gcc/20150921/bin/../lib/gcc/arm-none-eabi/4.9.3/../../../../arm-none-eabi/lib/armv7-m/libc.a(lib_a-memchr.o)
 .text          0x0000000008004258        0x0 /usr/local/Cellar/arm-none-eabi-gcc/20150921/bin/../lib/gcc/arm-none-eabi/4.9.3/../../../../arm-none-eabi/lib/armv7-m/libc.a(lib_a-mlock.o)
 .text          0x0000000008004258        0x0 /usr/local/Cellar/arm-none-eabi-gcc/20150921/bin/../lib/gcc/arm-none-eabi/4.9.3/../../../../arm-none-eabi/lib/armv7-m/libc.a(lib_a-mprec.o)
 .text          0x0000000008004258        0x0 /usr/local/Cellar/arm-none-eabi-gcc/20150921/bin/../lib/gcc/arm-none-eabi/4.9.3/../../../../arm-none-eabi/lib/armv7-m/libc.a(lib_a-s_fpclassify.o)
 .text          0x0000000008004258        0x0 /usr/local/Cellar/arm-none-eabi-gcc/20150921/bin/../lib/gcc/arm-none-eabi/4.9.3/../../../../arm-none-eabi/lib/armv7-m/libc.a(lib_a-sbrkr.o)
 .text          0x0000000008004258      0x1bc /usr/local/Cellar/arm-none-eabi-gcc/20150921/bin/../lib/gcc/arm-none-eabi/4.9.3/../../../../arm-none-eabi/lib/armv7-m/libc.a(lib_a-strcmp.o)
                0x0000000008004258                strcmp
 .text          0x0000000008004414        0x0 /usr/local/Cellar/arm-none-eabi-gcc/20150921/bin/../lib/gcc/arm-none-eabi/4.9.3/../../../../arm-none-eabi/lib/armv7-m/libc.a(lib_a-svfiprintf.o)
 .text          0x0000000008004414        0x0 /usr/local/Cellar/arm-none-eabi-gcc/20150921/bin/../lib/gcc/arm-none-eabi/4.9.3/../../../../arm-none-eabi/lib/armv7-m/libc.a(lib_a-callocr.o)
 .text          0x0000000008004414        0x0 /usr/local/Cellar/arm-none-eabi-gcc/20150921/bin/../lib/gcc/arm-none-eabi/4.9.3/../../../../arm-none-eabi/lib/armv7-m/libc.a(lib_a-memmove.o)
 .text          0x0000000008004414        0x0 /usr/local/Cellar/arm-none-eabi-gcc/20150921/bin/../lib/gcc/arm-none-eabi/4.9.3/../../../../arm-none-eabi/lib/armv7-m/libc.a(lib_a-reallocr.o)
 .text          0x0000000008004414      0x110 /usr/local/Cellar/arm-none-eabi-gcc/20150921/bin/../lib/gcc/arm-none-eabi/4.9.3/armv7-m/libgcc.a(_arm_cmpdf2.o)
                0x0000000008004414                __gtdf2
                0x0000000008004414                __gedf2
                0x000000000800441c                __ltdf2
                0x000000000800441c                __ledf2
                0x0000000008004424                __eqdf2
                0x0000000008004424                __nedf2
                0x0000000008004424                __cmpdf2
                0x00000000080044a0                __aeabi_cdrcmple
                0x00000000080044b0                __aeabi_cdcmple
                0x00000000080044b0                __aeabi_cdcmpeq
                0x00000000080044c0                __aeabi_dcmpeq
                0x00000000080044d4                __aeabi_dcmplt
                0x00000000080044e8                __aeabi_dcmple
                0x00000000080044fc                __aeabi_dcmpge
                0x0000000008004510                __aeabi_dcmpgt
 .text          0x0000000008004524       0x50 /usr/local/Cellar/arm-none-eabi-gcc/20150921/bin/../lib/gcc/arm-none-eabi/4.9.3/armv7-m/libgcc.a(_arm_fixdfsi.o)
                0x0000000008004524                __fixdfsi
                0x0000000008004524                __aeabi_d2iz
 .text          0x0000000008004574       0x30 /usr/local/Cellar/arm-none-eabi-gcc/20150921/bin/../lib/gcc/arm-none-eabi/4.9.3/armv7-m/libgcc.a(_aeabi_uldivmod.o)
                0x0000000008004574                __aeabi_uldivmod
 .text          0x00000000080045a4       0x60 /usr/local/Cellar/arm-none-eabi-gcc/20150921/bin/../lib/gcc/arm-none-eabi/4.9.3/armv7-m/libgcc.a(bpabi.o)
                0x00000000080045a4                __gnu_ldivmod_helper
                0x00000000080045d4                __gnu_uldivmod_helper
 .text          0x0000000008004604        0x4 /usr/local/Cellar/arm-none-eabi-gcc/20150921/bin/../lib/gcc/arm-none-eabi/4.9.3/armv7-m/libgcc.a(_dvmd_tls.o)
                0x0000000008004604                __aeabi_ldiv0
                0x0000000008004604                __aeabi_idiv0
 .text          0x0000000008004608      0x2ac /usr/local/Cellar/arm-none-eabi-gcc/20150921/bin/../lib/gcc/arm-none-eabi/4.9.3/armv7-m/libgcc.a(_divdi3.o)
                0x0000000008004608                __divdi3
 .text          0x00000000080048b4      0x270 /usr/local/Cellar/arm-none-eabi-gcc/20150921/bin/../lib/gcc/arm-none-eabi/4.9.3/armv7-m/libgcc.a(_udivdi3.o)
                0x00000000080048b4                __udivdi3
 *(.text.*)
 .text.startup  0x0000000008004b24       0x80 main.o
                0x0000000008004b24                main
 .text.memset   0x0000000008004ba4       0x9c /usr/local/Cellar/arm-none-eabi-gcc/20150921/bin/../lib/gcc/arm-none-eabi/4.9.3/../../../../arm-none-eabi/lib/armv7-m/libc.a(lib_a-memset.o)
                0x0000000008004ba4                memset
 .text.cleanup_glue
                0x0000000008004c40       0x1c /usr/local/Cellar/arm-none-eabi-gcc/20150921/bin/../lib/gcc/arm-none-eabi/4.9.3/../../../../arm-none-eabi/lib/armv7-m/libc.a(lib_a-reent.o)
                0x0000000008004c40                cleanup_glue
 .text._reclaim_reent
                0x0000000008004c5c       0x88 /usr/local/Cellar/arm-none-eabi-gcc/20150921/bin/../lib/gcc/arm-none-eabi/4.9.3/../../../../arm-none-eabi/lib/armv7-m/libc.a(lib_a-reent.o)
                0x0000000008004c5c                _reclaim_reent
 .text._sprintf_r
                0x0000000008004ce4       0x44 /usr/local/Cellar/arm-none-eabi-gcc/20150921/bin/../lib/gcc/arm-none-eabi/4.9.3/../../../../arm-none-eabi/lib/armv7-m/libc.a(lib_a-sprintf.o)
                0x0000000008004ce4                _sprintf_r
 .text.sprintf  0x0000000008004d28       0x4c /usr/local/Cellar/arm-none-eabi-gcc/20150921/bin/../lib/gcc/arm-none-eabi/4.9.3/../../../../arm-none-eabi/lib/armv7-m/libc.a(lib_a-sprintf.o)
                0x0000000008004d28                sprintf
 .text.strlen   0x0000000008004d74       0x5c /usr/local/Cellar/arm-none-eabi-gcc/20150921/bin/../lib/gcc/arm-none-eabi/4.9.3/../../../../arm-none-eabi/lib/armv7-m/libc.a(lib_a-strlen.o)
                0x0000000008004d74                strlen
 .text._svfprintf_r
                0x0000000008004dd0     0x14f4 /usr/local/Cellar/arm-none-eabi-gcc/20150921/bin/../lib/gcc/arm-none-eabi/4.9.3/../../../../arm-none-eabi/lib/armv7-m/libc.a(lib_a-svfprintf.o)
                0x0000000008004dd0                _svfprintf_r
 .text.quorem   0x00000000080062c4      0x130 /usr/local/Cellar/arm-none-eabi-gcc/20150921/bin/../lib/gcc/arm-none-eabi/4.9.3/../../../../arm-none-eabi/lib/armv7-m/libc.a(lib_a-dtoa.o)
 *fill*         0x00000000080063f4        0x4 00000000
 .text._dtoa_r  0x00000000080063f8      0xea4 /usr/local/Cellar/arm-none-eabi-gcc/20150921/bin/../lib/gcc/arm-none-eabi/4.9.3/../../../../arm-none-eabi/lib/armv7-m/libc.a(lib_a-dtoa.o)
                0x00000000080063f8                _dtoa_r
 .text._malloc_trim_r
                0x000000000800729c       0x9c /usr/local/Cellar/arm-none-eabi-gcc/20150921/bin/../lib/gcc/arm-none-eabi/4.9.3/../../../../arm-none-eabi/lib/armv7-m/libc.a(lib_a-freer.o)
                0x000000000800729c                _malloc_trim_r
 .text._free_r  0x0000000008007338      0x1b0 /usr/local/Cellar/arm-none-eabi-gcc/20150921/bin/../lib/gcc/arm-none-eabi/4.9.3/../../../../arm-none-eabi/lib/armv7-m/libc.a(lib_a-freer.o)
                0x0000000008007338                _free_r
 .text._setlocale_r
                0x00000000080074e8       0x44 /usr/local/Cellar/arm-none-eabi-gcc/20150921/bin/../lib/gcc/arm-none-eabi/4.9.3/../../../../arm-none-eabi/lib/armv7-m/libc.a(lib_a-locale.o)
                0x00000000080074e8                _setlocale_r
 .text.__locale_charset
                0x000000000800752c        0x8 /usr/local/Cellar/arm-none-eabi-gcc/20150921/bin/../lib/gcc/arm-none-eabi/4.9.3/../../../../arm-none-eabi/lib/armv7-m/libc.a(lib_a-locale.o)
                0x000000000800752c                __locale_charset
 .text.__locale_mb_cur_max
                0x0000000008007534        0xc /usr/local/Cellar/arm-none-eabi-gcc/20150921/bin/../lib/gcc/arm-none-eabi/4.9.3/../../../../arm-none-eabi/lib/armv7-m/libc.a(lib_a-locale.o)
                0x0000000008007534                __locale_mb_cur_max
 .text.__locale_msgcharset
                0x0000000008007540        0x8 /usr/local/Cellar/arm-none-eabi-gcc/20150921/bin/../lib/gcc/arm-none-eabi/4.9.3/../../../../arm-none-eabi/lib/armv7-m/libc.a(lib_a-locale.o)
                0x0000000008007540                __locale_msgcharset
 .text.__locale_cjk_lang
                0x0000000008007548        0x4 /usr/local/Cellar/arm-none-eabi-gcc/20150921/bin/../lib/gcc/arm-none-eabi/4.9.3/../../../../arm-none-eabi/lib/armv7-m/libc.a(lib_a-locale.o)
                0x0000000008007548                __locale_cjk_lang
 .text._localeconv_r
                0x000000000800754c        0x8 /usr/local/Cellar/arm-none-eabi-gcc/20150921/bin/../lib/gcc/arm-none-eabi/4.9.3/../../../../arm-none-eabi/lib/armv7-m/libc.a(lib_a-locale.o)
                0x000000000800754c                _localeconv_r
 .text.setlocale
                0x0000000008007554       0x10 /usr/local/Cellar/arm-none-eabi-gcc/20150921/bin/../lib/gcc/arm-none-eabi/4.9.3/../../../../arm-none-eabi/lib/armv7-m/libc.a(lib_a-locale.o)
                0x0000000008007554                setlocale
 .text.localeconv
                0x0000000008007564        0x8 /usr/local/Cellar/arm-none-eabi-gcc/20150921/bin/../lib/gcc/arm-none-eabi/4.9.3/../../../../arm-none-eabi/lib/armv7-m/libc.a(lib_a-locale.o)
                0x0000000008007564                localeconv
 .text._malloc_r
                0x000000000800756c      0x50c /usr/local/Cellar/arm-none-eabi-gcc/20150921/bin/../lib/gcc/arm-none-eabi/4.9.3/../../../../arm-none-eabi/lib/armv7-m/libc.a(lib_a-mallocr.o)
                0x000000000800756c                _malloc_r
 .text.memchr   0x0000000008007a78       0x94 /usr/local/Cellar/arm-none-eabi-gcc/20150921/bin/../lib/gcc/arm-none-eabi/4.9.3/../../../../arm-none-eabi/lib/armv7-m/libc.a(lib_a-memchr.o)
                0x0000000008007a78                memchr
 .text.__malloc_lock
                0x0000000008007b0c        0x4 /usr/local/Cellar/arm-none-eabi-gcc/20150921/bin/../lib/gcc/arm-none-eabi/4.9.3/../../../../arm-none-eabi/lib/armv7-m/libc.a(lib_a-mlock.o)
                0x0000000008007b0c                __malloc_lock
 .text.__malloc_unlock
                0x0000000008007b10        0x4 /usr/local/Cellar/arm-none-eabi-gcc/20150921/bin/../lib/gcc/arm-none-eabi/4.9.3/../../../../arm-none-eabi/lib/armv7-m/libc.a(lib_a-mlock.o)
                0x0000000008007b10                __malloc_unlock
 .text._Balloc  0x0000000008007b14       0x50 /usr/local/Cellar/arm-none-eabi-gcc/20150921/bin/../lib/gcc/arm-none-eabi/4.9.3/../../../../arm-none-eabi/lib/armv7-m/libc.a(lib_a-mprec.o)
                0x0000000008007b14                _Balloc
 .text._Bfree   0x0000000008007b64       0x14 /usr/local/Cellar/arm-none-eabi-gcc/20150921/bin/../lib/gcc/arm-none-eabi/4.9.3/../../../../arm-none-eabi/lib/armv7-m/libc.a(lib_a-mprec.o)
                0x0000000008007b64                _Bfree
 .text.__multadd
                0x0000000008007b78       0x84 /usr/local/Cellar/arm-none-eabi-gcc/20150921/bin/../lib/gcc/arm-none-eabi/4.9.3/../../../../arm-none-eabi/lib/armv7-m/libc.a(lib_a-mprec.o)
                0x0000000008007b78                __multadd
 .text.__s2b    0x0000000008007bfc       0x98 /usr/local/Cellar/arm-none-eabi-gcc/20150921/bin/../lib/gcc/arm-none-eabi/4.9.3/../../../../arm-none-eabi/lib/armv7-m/libc.a(lib_a-mprec.o)
                0x0000000008007bfc                __s2b
 .text.__hi0bits
                0x0000000008007c94       0x40 /usr/local/Cellar/arm-none-eabi-gcc/20150921/bin/../lib/gcc/arm-none-eabi/4.9.3/../../../../arm-none-eabi/lib/armv7-m/libc.a(lib_a-mprec.o)
                0x0000000008007c94                __hi0bits
 .text.__lo0bits
                0x0000000008007cd4       0x5c /usr/local/Cellar/arm-none-eabi-gcc/20150921/bin/../lib/gcc/arm-none-eabi/4.9.3/../../../../arm-none-eabi/lib/armv7-m/libc.a(lib_a-mprec.o)
                0x0000000008007cd4                __lo0bits
 .text.__i2b    0x0000000008007d30       0x14 /usr/local/Cellar/arm-none-eabi-gcc/20150921/bin/../lib/gcc/arm-none-eabi/4.9.3/../../../../arm-none-eabi/lib/armv7-m/libc.a(lib_a-mprec.o)
                0x0000000008007d30                __i2b
 .text.__multiply
                0x0000000008007d44      0x140 /usr/local/Cellar/arm-none-eabi-gcc/20150921/bin/../lib/gcc/arm-none-eabi/4.9.3/../../../../arm-none-eabi/lib/armv7-m/libc.a(lib_a-mprec.o)
                0x0000000008007d44                __multiply
 .text.__pow5mult
                0x0000000008007e84       0xa0 /usr/local/Cellar/arm-none-eabi-gcc/20150921/bin/../lib/gcc/arm-none-eabi/4.9.3/../../../../arm-none-eabi/lib/armv7-m/libc.a(lib_a-mprec.o)
                0x0000000008007e84                __pow5mult
 .text.__lshift
                0x0000000008007f24       0xb0 /usr/local/Cellar/arm-none-eabi-gcc/20150921/bin/../lib/gcc/arm-none-eabi/4.9.3/../../../../arm-none-eabi/lib/armv7-m/libc.a(lib_a-mprec.o)
                0x0000000008007f24                __lshift
 .text.__mcmp   0x0000000008007fd4       0x48 /usr/local/Cellar/arm-none-eabi-gcc/20150921/bin/../lib/gcc/arm-none-eabi/4.9.3/../../../../arm-none-eabi/lib/armv7-m/libc.a(lib_a-mprec.o)
                0x0000000008007fd4                __mcmp
 .text.__mdiff  0x000000000800801c       0xe4 /usr/local/Cellar/arm-none-eabi-gcc/20150921/bin/../lib/gcc/arm-none-eabi/4.9.3/../../../../arm-none-eabi/lib/armv7-m/libc.a(lib_a-mprec.o)
                0x000000000800801c                __mdiff
 .text.__ulp    0x0000000008008100       0x44 /usr/local/Cellar/arm-none-eabi-gcc/20150921/bin/../lib/gcc/arm-none-eabi/4.9.3/../../../../arm-none-eabi/lib/armv7-m/libc.a(lib_a-mprec.o)
                0x0000000008008100                __ulp
 .text.__b2d    0x0000000008008144       0xd0 /usr/local/Cellar/arm-none-eabi-gcc/20150921/bin/../lib/gcc/arm-none-eabi/4.9.3/../../../../arm-none-eabi/lib/armv7-m/libc.a(lib_a-mprec.o)
                0x0000000008008144                __b2d
 .text.__d2b    0x0000000008008214       0xa8 /usr/local/Cellar/arm-none-eabi-gcc/20150921/bin/../lib/gcc/arm-none-eabi/4.9.3/../../../../arm-none-eabi/lib/armv7-m/libc.a(lib_a-mprec.o)
                0x0000000008008214                __d2b
 .text.__ratio  0x00000000080082bc       0x58 /usr/local/Cellar/arm-none-eabi-gcc/20150921/bin/../lib/gcc/arm-none-eabi/4.9.3/../../../../arm-none-eabi/lib/armv7-m/libc.a(lib_a-mprec.o)
                0x00000000080082bc                __ratio
 .text._mprec_log10
                0x0000000008008314       0x34 /usr/local/Cellar/arm-none-eabi-gcc/20150921/bin/../lib/gcc/arm-none-eabi/4.9.3/../../../../arm-none-eabi/lib/armv7-m/libc.a(lib_a-mprec.o)
                0x0000000008008314                _mprec_log10
 .text.__copybits
                0x0000000008008348       0x48 /usr/local/Cellar/arm-none-eabi-gcc/20150921/bin/../lib/gcc/arm-none-eabi/4.9.3/../../../../arm-none-eabi/lib/armv7-m/libc.a(lib_a-mprec.o)
                0x0000000008008348                __copybits
 .text.__any_on
                0x0000000008008390       0x5c /usr/local/Cellar/arm-none-eabi-gcc/20150921/bin/../lib/gcc/arm-none-eabi/4.9.3/../../../../arm-none-eabi/lib/armv7-m/libc.a(lib_a-mprec.o)
                0x0000000008008390                __any_on
 .text.__fpclassifyd
                0x00000000080083ec       0x58 /usr/local/Cellar/arm-none-eabi-gcc/20150921/bin/../lib/gcc/arm-none-eabi/4.9.3/../../../../arm-none-eabi/lib/armv7-m/libc.a(lib_a-s_fpclassify.o)
                0x00000000080083ec                __fpclassifyd
 .text._sbrk_r  0x0000000008008444       0x24 /usr/local/Cellar/arm-none-eabi-gcc/20150921/bin/../lib/gcc/arm-none-eabi/4.9.3/../../../../arm-none-eabi/lib/armv7-m/libc.a(lib_a-sbrkr.o)
                0x0000000008008444                _sbrk_r
 .text.__ssprint_r
                0x0000000008008468      0x104 /usr/local/Cellar/arm-none-eabi-gcc/20150921/bin/../lib/gcc/arm-none-eabi/4.9.3/../../../../arm-none-eabi/lib/armv7-m/libc.a(lib_a-svfiprintf.o)
                0x0000000008008468                __ssprint_r
 .text._svfiprintf_r
                0x000000000800856c      0xaa8 /usr/local/Cellar/arm-none-eabi-gcc/20150921/bin/../lib/gcc/arm-none-eabi/4.9.3/../../../../arm-none-eabi/lib/armv7-m/libc.a(lib_a-svfiprintf.o)
                0x000000000800856c                _svfiprintf_r
 .text._calloc_r
                0x0000000008009014       0x60 /usr/local/Cellar/arm-none-eabi-gcc/20150921/bin/../lib/gcc/arm-none-eabi/4.9.3/../../../../arm-none-eabi/lib/armv7-m/libc.a(lib_a-callocr.o)
                0x0000000008009014                _calloc_r
 .text.memmove  0x0000000008009074       0xc8 /usr/local/Cellar/arm-none-eabi-gcc/20150921/bin/../lib/gcc/arm-none-eabi/4.9.3/../../../../arm-none-eabi/lib/armv7-m/libc.a(lib_a-memmove.o)
                0x0000000008009074                memmove
 .text._realloc_r
                0x000000000800913c      0x3e0 /usr/local/Cellar/arm-none-eabi-gcc/20150921/bin/../lib/gcc/arm-none-eabi/4.9.3/../../../../arm-none-eabi/lib/armv7-m/libc.a(lib_a-reallocr.o)
                0x000000000800913c                _realloc_r
                0x000000000800951c                . = ALIGN (0x4)
 *(.rodata)
 *(.rodata.*)
 .rodata.str1.1
                0x000000000800951c       0x17 main.o
                                         0x1b (size before relaxing)
 .rodata.str1.1
                0x0000000008009533        0x5 ./Device/startup/newlib_stubs.o
 .rodata.str1.1
                0x0000000008009538       0x10 mytasks.o
 .rodata.str1.1
                0x0000000008009548        0x5 ./FreeRTOS/Source/tasks.o
 *fill*         0x000000000800954d        0x3 00000000
 .rodata.zeroes.6911
                0x0000000008009550       0x10 /usr/local/Cellar/arm-none-eabi-gcc/20150921/bin/../lib/gcc/arm-none-eabi/4.9.3/../../../../arm-none-eabi/lib/armv7-m/libc.a(lib_a-svfprintf.o)
 .rodata.blanks.6910
                0x0000000008009560       0x10 /usr/local/Cellar/arm-none-eabi-gcc/20150921/bin/../lib/gcc/arm-none-eabi/4.9.3/../../../../arm-none-eabi/lib/armv7-m/libc.a(lib_a-svfprintf.o)
 .rodata.str1.4
                0x0000000008009570       0x42 /usr/local/Cellar/arm-none-eabi-gcc/20150921/bin/../lib/gcc/arm-none-eabi/4.9.3/../../../../arm-none-eabi/lib/armv7-m/libc.a(lib_a-svfprintf.o)
 *fill*         0x00000000080095b2        0x2 00000000
 .rodata.str1.4
                0x00000000080095b4       0x10 /usr/local/Cellar/arm-none-eabi-gcc/20150921/bin/../lib/gcc/arm-none-eabi/4.9.3/../../../../arm-none-eabi/lib/armv7-m/libc.a(lib_a-dtoa.o)
                                         0x12 (size before relaxing)
 .rodata.str1.4
                0x00000000080095c4        0x2 /usr/local/Cellar/arm-none-eabi-gcc/20150921/bin/../lib/gcc/arm-none-eabi/4.9.3/../../../../arm-none-eabi/lib/armv7-m/libc.a(lib_a-impure.o)
 *fill*         0x00000000080095c6        0x2 00000000
 .rodata._global_impure_ptr
                0x00000000080095c8        0x4 /usr/local/Cellar/arm-none-eabi-gcc/20150921/bin/../lib/gcc/arm-none-eabi/4.9.3/../../../../arm-none-eabi/lib/armv7-m/libc.a(lib_a-impure.o)
                0x00000000080095c8                _global_impure_ptr
 .rodata.str1.4
                0x00000000080095cc        0xc /usr/local/Cellar/arm-none-eabi-gcc/20150921/bin/../lib/gcc/arm-none-eabi/4.9.3/../../../../arm-none-eabi/lib/armv7-m/libc.a(lib_a-locale.o)
                                         0x12 (size before relaxing)
 .rodata.__mprec_tens
                0x00000000080095d8       0xc8 /usr/local/Cellar/arm-none-eabi-gcc/20150921/bin/../lib/gcc/arm-none-eabi/4.9.3/../../../../arm-none-eabi/lib/armv7-m/libc.a(lib_a-mprec.o)
                0x00000000080095d8                __mprec_tens
 .rodata.p05.5302
                0x00000000080096a0        0xc /usr/local/Cellar/arm-none-eabi-gcc/20150921/bin/../lib/gcc/arm-none-eabi/4.9.3/../../../../arm-none-eabi/lib/armv7-m/libc.a(lib_a-mprec.o)
 *fill*         0x00000000080096ac        0x4 00000000
 .rodata.__mprec_bigtens
                0x00000000080096b0       0x28 /usr/local/Cellar/arm-none-eabi-gcc/20150921/bin/../lib/gcc/arm-none-eabi/4.9.3/../../../../arm-none-eabi/lib/armv7-m/libc.a(lib_a-mprec.o)
                0x00000000080096b0                __mprec_bigtens
 .rodata.__mprec_tinytens
                0x00000000080096d8       0x28 /usr/local/Cellar/arm-none-eabi-gcc/20150921/bin/../lib/gcc/arm-none-eabi/4.9.3/../../../../arm-none-eabi/lib/armv7-m/libc.a(lib_a-mprec.o)
                0x00000000080096d8                __mprec_tinytens
 .rodata.blanks.6854
                0x0000000008009700       0x10 /usr/local/Cellar/arm-none-eabi-gcc/20150921/bin/../lib/gcc/arm-none-eabi/4.9.3/../../../../arm-none-eabi/lib/armv7-m/libc.a(lib_a-svfiprintf.o)
 .rodata.str1.4
                0x0000000000000000       0x2f /usr/local/Cellar/arm-none-eabi-gcc/20150921/bin/../lib/gcc/arm-none-eabi/4.9.3/../../../../arm-none-eabi/lib/armv7-m/libc.a(lib_a-svfiprintf.o)
 .rodata.zeroes.6855
                0x0000000008009710       0x10 /usr/local/Cellar/arm-none-eabi-gcc/20150921/bin/../lib/gcc/arm-none-eabi/4.9.3/../../../../arm-none-eabi/lib/armv7-m/libc.a(lib_a-svfiprintf.o)
                0x0000000008009720                . = ALIGN (0x4)

.eh_frame       0x0000000008009720       0x38
 .eh_frame      0x0000000008009720       0x38 /usr/local/Cellar/arm-none-eabi-gcc/20150921/bin/../lib/gcc/arm-none-eabi/4.9.3/../../../../arm-none-eabi/lib/armv7-m/libc.a(lib_a-strcmp.o)

.ARM.extab      0x0000000008009758        0x0
 .ARM.extab     0x0000000008009758        0x0 /usr/local/Cellar/arm-none-eabi-gcc/20150921/bin/../lib/gcc/arm-none-eabi/4.9.3/armv7-m/libgcc.a(_divdi3.o)
 .ARM.extab     0x0000000008009758        0x0 /usr/local/Cellar/arm-none-eabi-gcc/20150921/bin/../lib/gcc/arm-none-eabi/4.9.3/armv7-m/libgcc.a(_udivdi3.o)

.glue_7         0x0000000008009758        0x0
 .glue_7        0x0000000000000000        0x0 linker stubs

.glue_7t        0x0000000008009758        0x0
 .glue_7t       0x0000000000000000        0x0 linker stubs

.vfp11_veneer   0x0000000008009758        0x0
 .vfp11_veneer  0x0000000000000000        0x0 linker stubs

.v4_bx          0x0000000008009758        0x0
 .v4_bx         0x0000000000000000        0x0 linker stubs

.iplt           0x0000000008009758        0x0
 .iplt          0x0000000000000000        0x0 main.o

.ARM.exidx      0x0000000008009758        0x8
                0x0000000008009758                __exidx_start = .
 *(.ARM.exidx* .gnu.linkonce.armexidx.*)
 .ARM.exidx     0x0000000008009758        0x8 /usr/local/Cellar/arm-none-eabi-gcc/20150921/bin/../lib/gcc/arm-none-eabi/4.9.3/armv7-m/libgcc.a(_divdi3.o)
 .ARM.exidx     0x0000000008009760        0x0 /usr/local/Cellar/arm-none-eabi-gcc/20150921/bin/../lib/gcc/arm-none-eabi/4.9.3/armv7-m/libgcc.a(_udivdi3.o)
                                          0x8 (size before relaxing)
                0x0000000008009760                __exidx_end = .
                0x0000000008009760                _etext = .

.rel.dyn        0x0000000008009760        0x0
 .rel.iplt      0x0000000000000000        0x0 main.o

.data           0x0000000020000000      0x8f0 load address 0x0000000008009760
                0x0000000020000000                . = ALIGN (0x4)
                0x0000000020000000                _sdata = .
 *(.data)
 .data          0x0000000020000000        0x0 main.o
 .data          0x0000000020000000        0x0 stm32f10x_it.o
 .data          0x0000000020000000        0x0 ./Libraries/CMSIS/CM3/CoreSupport/core_cm3.o
 .data          0x0000000020000000       0x14 ./Libraries/CMSIS/CM3/DeviceSupport/ST/STM32F10x/system_stm32f10x.o
                0x0000000020000000                SystemCoreClock
                0x0000000020000004                AHBPrescTable
 .data          0x0000000020000014        0x0 ./Device/startup/crt.o
 .data          0x0000000020000014        0x0 ./Device/startup/vectors_stm32f10x_md.o
 .data          0x0000000020000014        0x4 ./Device/startup/newlib_stubs.o
                0x0000000020000014                environ
 .data          0x0000000020000018        0x0 ./Libraries/Drivers/Utilities/delay.o
 .data          0x0000000020000018        0x0 ./Libraries/Drivers/Leds/leds.o
 .data          0x0000000020000018        0x0 ./Libraries/Drivers/Buttons/buttons.o
 .data          0x0000000020000018        0x0 ./Libraries/Drivers/Usart/usart.o
 .data          0x0000000020000018        0x0 ./Libraries/Drivers/i2c/i2c1_remap.o
 .data          0x0000000020000018        0x0 ./Libraries/Drivers/BH1750/bh1750.o
 .data          0x0000000020000018        0x0 mytasks.o
 .data          0x0000000020000018        0x4 ./FreeRTOS/Source/portable/GCC/ARM_CM3/port.o
 .data          0x000000002000001c        0x4 ./FreeRTOS/Source/portable/MemMang/heap_2.o
 .data          0x0000000020000020        0x0 ./FreeRTOS/Source/tasks.o
 .data          0x0000000020000020        0x0 ./FreeRTOS/Source/queue.o
 .data          0x0000000020000020        0x0 ./FreeRTOS/Source/list.o
 .data          0x0000000020000020        0x0 ./Libraries/STM32F10x_StdPeriph_Driver/src/stm32f10x_usart.o
 .data          0x0000000020000020        0x0 ./Libraries/STM32F10x_StdPeriph_Driver/src/stm32f10x_i2c.o
 .data          0x0000000020000020        0x0 ./Libraries/STM32F10x_StdPeriph_Driver/src/stm32f10x_gpio.o
 .data          0x0000000020000020       0x14 ./Libraries/STM32F10x_StdPeriph_Driver/src/stm32f10x_rcc.o
 .data          0x0000000020000034        0x0 ./Libraries/STM32F10x_StdPeriph_Driver/src/stm32f10x_spi.o
 .data          0x0000000020000034        0x0 ./Libraries/STM32F10x_StdPeriph_Driver/src/stm32f10x_fsmc.o
 .data          0x0000000020000034        0x0 ./Libraries/STM32F10x_StdPeriph_Driver/src/stm32f10x_exti.o
 .data          0x0000000020000034        0x0 ./Libraries/STM32F10x_StdPeriph_Driver/src/misc.o
 .data          0x0000000020000034        0x0 /usr/local/Cellar/arm-none-eabi-gcc/20150921/bin/../lib/gcc/arm-none-eabi/4.9.3/armv7-m/libgcc.a(_arm_addsubdf3.o)
 .data          0x0000000020000034        0x0 /usr/local/Cellar/arm-none-eabi-gcc/20150921/bin/../lib/gcc/arm-none-eabi/4.9.3/armv7-m/libgcc.a(_arm_muldivdf3.o)
 .data          0x0000000020000034        0x0 /usr/local/Cellar/arm-none-eabi-gcc/20150921/bin/../lib/gcc/arm-none-eabi/4.9.3/armv7-m/libgcc.a(_arm_fixunsdfsi.o)
 .data          0x0000000020000034        0x0 /usr/local/Cellar/arm-none-eabi-gcc/20150921/bin/../lib/gcc/arm-none-eabi/4.9.3/../../../../arm-none-eabi/lib/armv7-m/libc.a(lib_a-memcpy.o)
 .data          0x0000000020000034        0x0 /usr/local/Cellar/arm-none-eabi-gcc/20150921/bin/../lib/gcc/arm-none-eabi/4.9.3/../../../../arm-none-eabi/lib/armv7-m/libc.a(lib_a-memset.o)
 .data          0x0000000020000034        0x0 /usr/local/Cellar/arm-none-eabi-gcc/20150921/bin/../lib/gcc/arm-none-eabi/4.9.3/../../../../arm-none-eabi/lib/armv7-m/libc.a(lib_a-reent.o)
 .data          0x0000000020000034        0x0 /usr/local/Cellar/arm-none-eabi-gcc/20150921/bin/../lib/gcc/arm-none-eabi/4.9.3/../../../../arm-none-eabi/lib/armv7-m/libc.a(lib_a-sprintf.o)
 .data          0x0000000020000034        0x0 /usr/local/Cellar/arm-none-eabi-gcc/20150921/bin/../lib/gcc/arm-none-eabi/4.9.3/../../../../arm-none-eabi/lib/armv7-m/libc.a(lib_a-strlen.o)
 .data          0x0000000020000034        0x0 /usr/local/Cellar/arm-none-eabi-gcc/20150921/bin/../lib/gcc/arm-none-eabi/4.9.3/../../../../arm-none-eabi/lib/armv7-m/libc.a(lib_a-svfprintf.o)
 .data          0x0000000020000034        0x0 /usr/local/Cellar/arm-none-eabi-gcc/20150921/bin/../lib/gcc/arm-none-eabi/4.9.3/../../../../arm-none-eabi/lib/armv7-m/libc.a(lib_a-dtoa.o)
 .data          0x0000000020000034        0x0 /usr/local/Cellar/arm-none-eabi-gcc/20150921/bin/../lib/gcc/arm-none-eabi/4.9.3/../../../../arm-none-eabi/lib/armv7-m/libc.a(lib_a-freer.o)
 .data          0x0000000020000034        0x0 /usr/local/Cellar/arm-none-eabi-gcc/20150921/bin/../lib/gcc/arm-none-eabi/4.9.3/../../../../arm-none-eabi/lib/armv7-m/libc.a(lib_a-impure.o)
 .data          0x0000000020000034        0x0 /usr/local/Cellar/arm-none-eabi-gcc/20150921/bin/../lib/gcc/arm-none-eabi/4.9.3/../../../../arm-none-eabi/lib/armv7-m/libc.a(lib_a-locale.o)
 .data          0x0000000020000034        0x0 /usr/local/Cellar/arm-none-eabi-gcc/20150921/bin/../lib/gcc/arm-none-eabi/4.9.3/../../../../arm-none-eabi/lib/armv7-m/libc.a(lib_a-mallocr.o)
 .data          0x0000000020000034        0x0 /usr/local/Cellar/arm-none-eabi-gcc/20150921/bin/../lib/gcc/arm-none-eabi/4.9.3/../../../../arm-none-eabi/lib/armv7-m/libc.a(lib_a-memchr.o)
 .data          0x0000000020000034        0x0 /usr/local/Cellar/arm-none-eabi-gcc/20150921/bin/../lib/gcc/arm-none-eabi/4.9.3/../../../../arm-none-eabi/lib/armv7-m/libc.a(lib_a-mlock.o)
 .data          0x0000000020000034        0x0 /usr/local/Cellar/arm-none-eabi-gcc/20150921/bin/../lib/gcc/arm-none-eabi/4.9.3/../../../../arm-none-eabi/lib/armv7-m/libc.a(lib_a-mprec.o)
 .data          0x0000000020000034        0x0 /usr/local/Cellar/arm-none-eabi-gcc/20150921/bin/../lib/gcc/arm-none-eabi/4.9.3/../../../../arm-none-eabi/lib/armv7-m/libc.a(lib_a-s_fpclassify.o)
 .data          0x0000000020000034        0x0 /usr/local/Cellar/arm-none-eabi-gcc/20150921/bin/../lib/gcc/arm-none-eabi/4.9.3/../../../../arm-none-eabi/lib/armv7-m/libc.a(lib_a-sbrkr.o)
 .data          0x0000000020000034        0x0 /usr/local/Cellar/arm-none-eabi-gcc/20150921/bin/../lib/gcc/arm-none-eabi/4.9.3/../../../../arm-none-eabi/lib/armv7-m/libc.a(lib_a-strcmp.o)
 .data          0x0000000020000034        0x0 /usr/local/Cellar/arm-none-eabi-gcc/20150921/bin/../lib/gcc/arm-none-eabi/4.9.3/../../../../arm-none-eabi/lib/armv7-m/libc.a(lib_a-svfiprintf.o)
 .data          0x0000000020000034        0x0 /usr/local/Cellar/arm-none-eabi-gcc/20150921/bin/../lib/gcc/arm-none-eabi/4.9.3/../../../../arm-none-eabi/lib/armv7-m/libc.a(lib_a-callocr.o)
 .data          0x0000000020000034        0x0 /usr/local/Cellar/arm-none-eabi-gcc/20150921/bin/../lib/gcc/arm-none-eabi/4.9.3/../../../../arm-none-eabi/lib/armv7-m/libc.a(lib_a-memmove.o)
 .data          0x0000000020000034        0x0 /usr/local/Cellar/arm-none-eabi-gcc/20150921/bin/../lib/gcc/arm-none-eabi/4.9.3/../../../../arm-none-eabi/lib/armv7-m/libc.a(lib_a-reallocr.o)
 .data          0x0000000020000034        0x0 /usr/local/Cellar/arm-none-eabi-gcc/20150921/bin/../lib/gcc/arm-none-eabi/4.9.3/armv7-m/libgcc.a(_arm_cmpdf2.o)
 .data          0x0000000020000034        0x0 /usr/local/Cellar/arm-none-eabi-gcc/20150921/bin/../lib/gcc/arm-none-eabi/4.9.3/armv7-m/libgcc.a(_arm_fixdfsi.o)
 .data          0x0000000020000034        0x0 /usr/local/Cellar/arm-none-eabi-gcc/20150921/bin/../lib/gcc/arm-none-eabi/4.9.3/armv7-m/libgcc.a(_aeabi_uldivmod.o)
 .data          0x0000000020000034        0x0 /usr/local/Cellar/arm-none-eabi-gcc/20150921/bin/../lib/gcc/arm-none-eabi/4.9.3/armv7-m/libgcc.a(bpabi.o)
 .data          0x0000000020000034        0x0 /usr/local/Cellar/arm-none-eabi-gcc/20150921/bin/../lib/gcc/arm-none-eabi/4.9.3/armv7-m/libgcc.a(_dvmd_tls.o)
 .data          0x0000000020000034        0x0 /usr/local/Cellar/arm-none-eabi-gcc/20150921/bin/../lib/gcc/arm-none-eabi/4.9.3/armv7-m/libgcc.a(_divdi3.o)
 .data          0x0000000020000034        0x0 /usr/local/Cellar/arm-none-eabi-gcc/20150921/bin/../lib/gcc/arm-none-eabi/4.9.3/armv7-m/libgcc.a(_udivdi3.o)
 *(.data.*)
 *fill*         0x0000000020000034        0x4 
 .data.impure_data
                0x0000000020000038      0x428 /usr/local/Cellar/arm-none-eabi-gcc/20150921/bin/../lib/gcc/arm-none-eabi/4.9.3/../../../../arm-none-eabi/lib/armv7-m/libc.a(lib_a-impure.o)
 .data._impure_ptr
                0x0000000020000460        0x4 /usr/local/Cellar/arm-none-eabi-gcc/20150921/bin/../lib/gcc/arm-none-eabi/4.9.3/../../../../arm-none-eabi/lib/armv7-m/libc.a(lib_a-impure.o)
                0x0000000020000460                _impure_ptr
 .data.lc_message_charset
                0x0000000020000464       0x20 /usr/local/Cellar/arm-none-eabi-gcc/20150921/bin/../lib/gcc/arm-none-eabi/4.9.3/../../../../arm-none-eabi/lib/armv7-m/libc.a(lib_a-locale.o)
 .data.lconv    0x0000000020000484       0x38 /usr/local/Cellar/arm-none-eabi-gcc/20150921/bin/../lib/gcc/arm-none-eabi/4.9.3/../../../../arm-none-eabi/lib/armv7-m/libc.a(lib_a-locale.o)
 .data.lc_ctype_charset
                0x00000000200004bc       0x20 /usr/local/Cellar/arm-none-eabi-gcc/20150921/bin/../lib/gcc/arm-none-eabi/4.9.3/../../../../arm-none-eabi/lib/armv7-m/libc.a(lib_a-locale.o)
 .data.__mb_cur_max
                0x00000000200004dc        0x4 /usr/local/Cellar/arm-none-eabi-gcc/20150921/bin/../lib/gcc/arm-none-eabi/4.9.3/../../../../arm-none-eabi/lib/armv7-m/libc.a(lib_a-locale.o)
                0x00000000200004dc                __mb_cur_max
 .data.__malloc_av_
                0x00000000200004e0      0x408 /usr/local/Cellar/arm-none-eabi-gcc/20150921/bin/../lib/gcc/arm-none-eabi/4.9.3/../../../../arm-none-eabi/lib/armv7-m/libc.a(lib_a-mallocr.o)
                0x00000000200004e0                __malloc_av_
 .data.__malloc_trim_threshold
                0x00000000200008e8        0x4 /usr/local/Cellar/arm-none-eabi-gcc/20150921/bin/../lib/gcc/arm-none-eabi/4.9.3/../../../../arm-none-eabi/lib/armv7-m/libc.a(lib_a-mallocr.o)
                0x00000000200008e8                __malloc_trim_threshold
 .data.__malloc_sbrk_base
                0x00000000200008ec        0x4 /usr/local/Cellar/arm-none-eabi-gcc/20150921/bin/../lib/gcc/arm-none-eabi/4.9.3/../../../../arm-none-eabi/lib/armv7-m/libc.a(lib_a-mallocr.o)
                0x00000000200008ec                __malloc_sbrk_base
                0x00000000200008f0                . = ALIGN (0x4)
 *(.fastrun)
 *(.fastrun.*)
                0x00000000200008f0                . = ALIGN (0x4)
                0x00000000200008f0                _edata = .

.igot.plt       0x00000000200008f0        0x0 load address 0x000000000800a050
 .igot.plt      0x0000000000000000        0x0 main.o

.bss            0x00000000200008f0     0x45a4 load address 0x000000000800a050
                0x00000000200008f0                . = ALIGN (0x4)
                0x00000000200008f0                _sbss = .
 *(.bss)
 .bss           0x00000000200008f0        0x0 main.o
 .bss           0x00000000200008f0        0x0 stm32f10x_it.o
 .bss           0x00000000200008f0        0x0 ./Libraries/CMSIS/CM3/CoreSupport/core_cm3.o
 .bss           0x00000000200008f0        0x0 ./Libraries/CMSIS/CM3/DeviceSupport/ST/STM32F10x/system_stm32f10x.o
 .bss           0x00000000200008f0        0x0 ./Device/startup/crt.o
 .bss           0x00000000200008f0        0x0 ./Device/startup/vectors_stm32f10x_md.o
 .bss           0x00000000200008f0        0x8 ./Device/startup/newlib_stubs.o
                0x00000000200008f4                __env
 .bss           0x00000000200008f8        0x0 ./Libraries/Drivers/Utilities/delay.o
 .bss           0x00000000200008f8        0x0 ./Libraries/Drivers/Leds/leds.o
 .bss           0x00000000200008f8        0x0 ./Libraries/Drivers/Buttons/buttons.o
 .bss           0x00000000200008f8        0x0 ./Libraries/Drivers/Usart/usart.o
 .bss           0x00000000200008f8        0x4 ./Libraries/Drivers/i2c/i2c1_remap.o
                0x00000000200008f8                xSemStartCondition
 .bss           0x00000000200008fc        0x0 ./Libraries/Drivers/BH1750/bh1750.o
 .bss           0x00000000200008fc        0x9 mytasks.o
 .bss           0x0000000020000905        0x0 ./FreeRTOS/Source/portable/GCC/ARM_CM3/port.o
 *fill*         0x0000000020000905        0x3 
 .bss           0x0000000020000908     0x4414 ./FreeRTOS/Source/portable/MemMang/heap_2.o
 .bss           0x0000000020004d1c      0x104 ./FreeRTOS/Source/tasks.o
                0x0000000020004d50                pxCurrentTCB
 .bss           0x0000000020004e20        0x0 ./FreeRTOS/Source/queue.o
 .bss           0x0000000020004e20        0x0 ./FreeRTOS/Source/list.o
 .bss           0x0000000020004e20        0x0 ./Libraries/STM32F10x_StdPeriph_Driver/src/stm32f10x_usart.o
 .bss           0x0000000020004e20        0x0 ./Libraries/STM32F10x_StdPeriph_Driver/src/stm32f10x_i2c.o
 .bss           0x0000000020004e20        0x0 ./Libraries/STM32F10x_StdPeriph_Driver/src/stm32f10x_gpio.o
 .bss           0x0000000020004e20        0x0 ./Libraries/STM32F10x_StdPeriph_Driver/src/stm32f10x_rcc.o
 .bss           0x0000000020004e20        0x0 ./Libraries/STM32F10x_StdPeriph_Driver/src/stm32f10x_spi.o
 .bss           0x0000000020004e20        0x0 ./Libraries/STM32F10x_StdPeriph_Driver/src/stm32f10x_fsmc.o
 .bss           0x0000000020004e20        0x0 ./Libraries/STM32F10x_StdPeriph_Driver/src/stm32f10x_exti.o
 .bss           0x0000000020004e20        0x0 ./Libraries/STM32F10x_StdPeriph_Driver/src/misc.o
 .bss           0x0000000020004e20        0x0 /usr/local/Cellar/arm-none-eabi-gcc/20150921/bin/../lib/gcc/arm-none-eabi/4.9.3/armv7-m/libgcc.a(_arm_addsubdf3.o)
 .bss           0x0000000020004e20        0x0 /usr/local/Cellar/arm-none-eabi-gcc/20150921/bin/../lib/gcc/arm-none-eabi/4.9.3/armv7-m/libgcc.a(_arm_muldivdf3.o)
 .bss           0x0000000020004e20        0x0 /usr/local/Cellar/arm-none-eabi-gcc/20150921/bin/../lib/gcc/arm-none-eabi/4.9.3/armv7-m/libgcc.a(_arm_fixunsdfsi.o)
 .bss           0x0000000020004e20        0x0 /usr/local/Cellar/arm-none-eabi-gcc/20150921/bin/../lib/gcc/arm-none-eabi/4.9.3/../../../../arm-none-eabi/lib/armv7-m/libc.a(lib_a-memcpy.o)
 .bss           0x0000000020004e20        0x0 /usr/local/Cellar/arm-none-eabi-gcc/20150921/bin/../lib/gcc/arm-none-eabi/4.9.3/../../../../arm-none-eabi/lib/armv7-m/libc.a(lib_a-memset.o)
 .bss           0x0000000020004e20        0x0 /usr/local/Cellar/arm-none-eabi-gcc/20150921/bin/../lib/gcc/arm-none-eabi/4.9.3/../../../../arm-none-eabi/lib/armv7-m/libc.a(lib_a-reent.o)
 .bss           0x0000000020004e20        0x0 /usr/local/Cellar/arm-none-eabi-gcc/20150921/bin/../lib/gcc/arm-none-eabi/4.9.3/../../../../arm-none-eabi/lib/armv7-m/libc.a(lib_a-sprintf.o)
 .bss           0x0000000020004e20        0x0 /usr/local/Cellar/arm-none-eabi-gcc/20150921/bin/../lib/gcc/arm-none-eabi/4.9.3/../../../../arm-none-eabi/lib/armv7-m/libc.a(lib_a-strlen.o)
 .bss           0x0000000020004e20        0x0 /usr/local/Cellar/arm-none-eabi-gcc/20150921/bin/../lib/gcc/arm-none-eabi/4.9.3/../../../../arm-none-eabi/lib/armv7-m/libc.a(lib_a-svfprintf.o)
 .bss           0x0000000020004e20        0x0 /usr/local/Cellar/arm-none-eabi-gcc/20150921/bin/../lib/gcc/arm-none-eabi/4.9.3/../../../../arm-none-eabi/lib/armv7-m/libc.a(lib_a-dtoa.o)
 .bss           0x0000000020004e20        0x0 /usr/local/Cellar/arm-none-eabi-gcc/20150921/bin/../lib/gcc/arm-none-eabi/4.9.3/../../../../arm-none-eabi/lib/armv7-m/libc.a(lib_a-freer.o)
 .bss           0x0000000020004e20        0x0 /usr/local/Cellar/arm-none-eabi-gcc/20150921/bin/../lib/gcc/arm-none-eabi/4.9.3/../../../../arm-none-eabi/lib/armv7-m/libc.a(lib_a-impure.o)
 .bss           0x0000000020004e20        0x0 /usr/local/Cellar/arm-none-eabi-gcc/20150921/bin/../lib/gcc/arm-none-eabi/4.9.3/../../../../arm-none-eabi/lib/armv7-m/libc.a(lib_a-locale.o)
 .bss           0x0000000020004e20        0x0 /usr/local/Cellar/arm-none-eabi-gcc/20150921/bin/../lib/gcc/arm-none-eabi/4.9.3/../../../../arm-none-eabi/lib/armv7-m/libc.a(lib_a-mallocr.o)
 .bss           0x0000000020004e20        0x0 /usr/local/Cellar/arm-none-eabi-gcc/20150921/bin/../lib/gcc/arm-none-eabi/4.9.3/../../../../arm-none-eabi/lib/armv7-m/libc.a(lib_a-memchr.o)
 .bss           0x0000000020004e20        0x0 /usr/local/Cellar/arm-none-eabi-gcc/20150921/bin/../lib/gcc/arm-none-eabi/4.9.3/../../../../arm-none-eabi/lib/armv7-m/libc.a(lib_a-mlock.o)
 .bss           0x0000000020004e20        0x0 /usr/local/Cellar/arm-none-eabi-gcc/20150921/bin/../lib/gcc/arm-none-eabi/4.9.3/../../../../arm-none-eabi/lib/armv7-m/libc.a(lib_a-mprec.o)
 .bss           0x0000000020004e20        0x0 /usr/local/Cellar/arm-none-eabi-gcc/20150921/bin/../lib/gcc/arm-none-eabi/4.9.3/../../../../arm-none-eabi/lib/armv7-m/libc.a(lib_a-s_fpclassify.o)
 .bss           0x0000000020004e20        0x0 /usr/local/Cellar/arm-none-eabi-gcc/20150921/bin/../lib/gcc/arm-none-eabi/4.9.3/../../../../arm-none-eabi/lib/armv7-m/libc.a(lib_a-sbrkr.o)
 .bss           0x0000000020004e20        0x0 /usr/local/Cellar/arm-none-eabi-gcc/20150921/bin/../lib/gcc/arm-none-eabi/4.9.3/../../../../arm-none-eabi/lib/armv7-m/libc.a(lib_a-strcmp.o)
 .bss           0x0000000020004e20        0x0 /usr/local/Cellar/arm-none-eabi-gcc/20150921/bin/../lib/gcc/arm-none-eabi/4.9.3/../../../../arm-none-eabi/lib/armv7-m/libc.a(lib_a-svfiprintf.o)
 .bss           0x0000000020004e20        0x0 /usr/local/Cellar/arm-none-eabi-gcc/20150921/bin/../lib/gcc/arm-none-eabi/4.9.3/../../../../arm-none-eabi/lib/armv7-m/libc.a(lib_a-callocr.o)
 .bss           0x0000000020004e20        0x0 /usr/local/Cellar/arm-none-eabi-gcc/20150921/bin/../lib/gcc/arm-none-eabi/4.9.3/../../../../arm-none-eabi/lib/armv7-m/libc.a(lib_a-memmove.o)
 .bss           0x0000000020004e20        0x0 /usr/local/Cellar/arm-none-eabi-gcc/20150921/bin/../lib/gcc/arm-none-eabi/4.9.3/../../../../arm-none-eabi/lib/armv7-m/libc.a(lib_a-reallocr.o)
 .bss           0x0000000020004e20        0x0 /usr/local/Cellar/arm-none-eabi-gcc/20150921/bin/../lib/gcc/arm-none-eabi/4.9.3/armv7-m/libgcc.a(_arm_cmpdf2.o)
 .bss           0x0000000020004e20        0x0 /usr/local/Cellar/arm-none-eabi-gcc/20150921/bin/../lib/gcc/arm-none-eabi/4.9.3/armv7-m/libgcc.a(_arm_fixdfsi.o)
 .bss           0x0000000020004e20        0x0 /usr/local/Cellar/arm-none-eabi-gcc/20150921/bin/../lib/gcc/arm-none-eabi/4.9.3/armv7-m/libgcc.a(_aeabi_uldivmod.o)
 .bss           0x0000000020004e20        0x0 /usr/local/Cellar/arm-none-eabi-gcc/20150921/bin/../lib/gcc/arm-none-eabi/4.9.3/armv7-m/libgcc.a(bpabi.o)
 .bss           0x0000000020004e20        0x0 /usr/local/Cellar/arm-none-eabi-gcc/20150921/bin/../lib/gcc/arm-none-eabi/4.9.3/armv7-m/libgcc.a(_dvmd_tls.o)
 .bss           0x0000000020004e20        0x0 /usr/local/Cellar/arm-none-eabi-gcc/20150921/bin/../lib/gcc/arm-none-eabi/4.9.3/armv7-m/libgcc.a(_divdi3.o)
 .bss           0x0000000020004e20        0x0 /usr/local/Cellar/arm-none-eabi-gcc/20150921/bin/../lib/gcc/arm-none-eabi/4.9.3/armv7-m/libgcc.a(_udivdi3.o)
 *(.bss.*)
 .bss._PathLocale
                0x0000000020004e20        0x4 /usr/local/Cellar/arm-none-eabi-gcc/20150921/bin/../lib/gcc/arm-none-eabi/4.9.3/../../../../arm-none-eabi/lib/armv7-m/libc.a(lib_a-locale.o)
                0x0000000020004e20                _PathLocale
 .bss.__nlocale_changed
                0x0000000020004e24        0x4 /usr/local/Cellar/arm-none-eabi-gcc/20150921/bin/../lib/gcc/arm-none-eabi/4.9.3/../../../../arm-none-eabi/lib/armv7-m/libc.a(lib_a-locale.o)
                0x0000000020004e24                __nlocale_changed
 .bss.__mlocale_changed
                0x0000000020004e28        0x4 /usr/local/Cellar/arm-none-eabi-gcc/20150921/bin/../lib/gcc/arm-none-eabi/4.9.3/../../../../arm-none-eabi/lib/armv7-m/libc.a(lib_a-locale.o)
                0x0000000020004e28                __mlocale_changed
 .bss.__malloc_max_total_mem
                0x0000000020004e2c        0x4 /usr/local/Cellar/arm-none-eabi-gcc/20150921/bin/../lib/gcc/arm-none-eabi/4.9.3/../../../../arm-none-eabi/lib/armv7-m/libc.a(lib_a-mallocr.o)
                0x0000000020004e2c                __malloc_max_total_mem
 .bss.__malloc_max_sbrked_mem
                0x0000000020004e30        0x4 /usr/local/Cellar/arm-none-eabi-gcc/20150921/bin/../lib/gcc/arm-none-eabi/4.9.3/../../../../arm-none-eabi/lib/armv7-m/libc.a(lib_a-mallocr.o)
                0x0000000020004e30                __malloc_max_sbrked_mem
 .bss.__malloc_top_pad
                0x0000000020004e34        0x4 /usr/local/Cellar/arm-none-eabi-gcc/20150921/bin/../lib/gcc/arm-none-eabi/4.9.3/../../../../arm-none-eabi/lib/armv7-m/libc.a(lib_a-mallocr.o)
                0x0000000020004e34                __malloc_top_pad
 .bss.__malloc_current_mallinfo
                0x0000000020004e38       0x28 /usr/local/Cellar/arm-none-eabi-gcc/20150921/bin/../lib/gcc/arm-none-eabi/4.9.3/../../../../arm-none-eabi/lib/armv7-m/libc.a(lib_a-mallocr.o)
                0x0000000020004e38                __malloc_current_mallinfo
                0x0000000020004e60                . = ALIGN (0x4)
 COMMON         0x0000000020004e60       0x30 mytasks.o
                0x0000000020004e60                stringbuffer
                0x0000000020004e88                TxQueue
                0x0000000020004e8c                RxQueue
 COMMON         0x0000000020004e90        0x4 /usr/local/Cellar/arm-none-eabi-gcc/20150921/bin/../lib/gcc/arm-none-eabi/4.9.3/../../../../arm-none-eabi/lib/armv7-m/libc.a(lib_a-reent.o)
                0x0000000020004e90                errno
                0x0000000020004e94                _ebss = .
                0x0000000020005000                _estack = (ORIGIN (RAM) + 0x5000)
OUTPUT(main_rom.elf elf32-littlearm)

.debug_info     0x0000000000000000     0xcbd1
 .debug_info    0x0000000000000000      0x35e main.o
 .debug_info    0x000000000000035e      0x4cb stm32f10x_it.o
 .debug_info    0x0000000000000829      0x598 ./Libraries/CMSIS/CM3/CoreSupport/core_cm3.o
 .debug_info    0x0000000000000dc1      0x4bb ./Libraries/CMSIS/CM3/DeviceSupport/ST/STM32F10x/system_stm32f10x.o
 .debug_info    0x000000000000127c      0x140 ./Device/startup/crt.o
 .debug_info    0x00000000000013bc      0x4b4 ./Device/startup/vectors_stm32f10x_md.o
 .debug_info    0x0000000000001870      0x844 ./Device/startup/newlib_stubs.o
 .debug_info    0x00000000000020b4      0x130 ./Libraries/Drivers/Utilities/delay.o
 .debug_info    0x00000000000021e4      0x45e ./Libraries/Drivers/Leds/leds.o
 .debug_info    0x0000000000002642      0x319 ./Libraries/Drivers/Buttons/buttons.o
 .debug_info    0x000000000000295b      0xa0c ./Libraries/Drivers/Usart/usart.o
 .debug_info    0x0000000000003367      0x8f6 ./Libraries/Drivers/i2c/i2c1_remap.o
 .debug_info    0x0000000000003c5d      0x28c ./Libraries/Drivers/BH1750/bh1750.o
 .debug_info    0x0000000000003ee9      0x830 mytasks.o
 .debug_info    0x0000000000004719      0x331 ./FreeRTOS/Source/portable/GCC/ARM_CM3/port.o
 .debug_info    0x0000000000004a4a      0x35e ./FreeRTOS/Source/portable/MemMang/heap_2.o
 .debug_info    0x0000000000004da8     0x2017 ./FreeRTOS/Source/tasks.o
 .debug_info    0x0000000000006dbf     0x1509 ./FreeRTOS/Source/queue.o
 .debug_info    0x00000000000082c8      0x2c5 ./FreeRTOS/Source/list.o
 .debug_info    0x000000000000858d      0xb95 ./Libraries/STM32F10x_StdPeriph_Driver/src/stm32f10x_usart.o
 .debug_info    0x0000000000009122      0xc32 ./Libraries/STM32F10x_StdPeriph_Driver/src/stm32f10x_i2c.o
 .debug_info    0x0000000000009d54      0x84f ./Libraries/STM32F10x_StdPeriph_Driver/src/stm32f10x_gpio.o
 .debug_info    0x000000000000a5a3      0x951 ./Libraries/STM32F10x_StdPeriph_Driver/src/stm32f10x_rcc.o
 .debug_info    0x000000000000aef4      0xa63 ./Libraries/STM32F10x_StdPeriph_Driver/src/stm32f10x_spi.o
 .debug_info    0x000000000000b957      0x9b7 ./Libraries/STM32F10x_StdPeriph_Driver/src/stm32f10x_fsmc.o
 .debug_info    0x000000000000c30e      0x369 ./Libraries/STM32F10x_StdPeriph_Driver/src/stm32f10x_exti.o
 .debug_info    0x000000000000c677      0x55a ./Libraries/STM32F10x_StdPeriph_Driver/src/misc.o

.debug_abbrev   0x0000000000000000     0x2ef3
 .debug_abbrev  0x0000000000000000      0x156 main.o
 .debug_abbrev  0x0000000000000156      0x187 stm32f10x_it.o
 .debug_abbrev  0x00000000000002dd       0xce ./Libraries/CMSIS/CM3/CoreSupport/core_cm3.o
 .debug_abbrev  0x00000000000003ab      0x199 ./Libraries/CMSIS/CM3/DeviceSupport/ST/STM32F10x/system_stm32f10x.o
 .debug_abbrev  0x0000000000000544       0xbd ./Device/startup/crt.o
 .debug_abbrev  0x0000000000000601       0x82 ./Device/startup/vectors_stm32f10x_md.o
 .debug_abbrev  0x0000000000000683      0x22a ./Device/startup/newlib_stubs.o
 .debug_abbrev  0x00000000000008ad       0xcf ./Libraries/Drivers/Utilities/delay.o
 .debug_abbrev  0x000000000000097c      0x19c ./Libraries/Drivers/Leds/leds.o
 .debug_abbrev  0x0000000000000b18      0x174 ./Libraries/Drivers/Buttons/buttons.o
 .debug_abbrev  0x0000000000000c8c      0x1e8 ./Libraries/Drivers/Usart/usart.o
 .debug_abbrev  0x0000000000000e74      0x1f5 ./Libraries/Drivers/i2c/i2c1_remap.o
 .debug_abbrev  0x0000000000001069      0x178 ./Libraries/Drivers/BH1750/bh1750.o
 .debug_abbrev  0x00000000000011e1      0x20e mytasks.o
 .debug_abbrev  0x00000000000013ef      0x1f9 ./FreeRTOS/Source/portable/GCC/ARM_CM3/port.o
 .debug_abbrev  0x00000000000015e8      0x1d6 ./FreeRTOS/Source/portable/MemMang/heap_2.o
 .debug_abbrev  0x00000000000017be      0x41d ./FreeRTOS/Source/tasks.o
 .debug_abbrev  0x0000000000001bdb      0x317 ./FreeRTOS/Source/queue.o
 .debug_abbrev  0x0000000000001ef2       0xf6 ./FreeRTOS/Source/list.o
 .debug_abbrev  0x0000000000001fe8      0x230 ./Libraries/STM32F10x_StdPeriph_Driver/src/stm32f10x_usart.o
 .debug_abbrev  0x0000000000002218      0x1fb ./Libraries/STM32F10x_StdPeriph_Driver/src/stm32f10x_i2c.o
 .debug_abbrev  0x0000000000002413      0x20f ./Libraries/STM32F10x_StdPeriph_Driver/src/stm32f10x_gpio.o
 .debug_abbrev  0x0000000000002622      0x218 ./Libraries/STM32F10x_StdPeriph_Driver/src/stm32f10x_rcc.o
 .debug_abbrev  0x000000000000283a      0x218 ./Libraries/STM32F10x_StdPeriph_Driver/src/stm32f10x_spi.o
 .debug_abbrev  0x0000000000002a52      0x1c4 ./Libraries/STM32F10x_StdPeriph_Driver/src/stm32f10x_fsmc.o
 .debug_abbrev  0x0000000000002c16      0x17c ./Libraries/STM32F10x_StdPeriph_Driver/src/stm32f10x_exti.o
 .debug_abbrev  0x0000000000002d92      0x161 ./Libraries/STM32F10x_StdPeriph_Driver/src/misc.o

.debug_loc      0x0000000000000000     0x68bc
 .debug_loc     0x0000000000000000       0xae main.o
 .debug_loc     0x00000000000000ae       0x2c stm32f10x_it.o
 .debug_loc     0x00000000000000da      0x2fc ./Libraries/CMSIS/CM3/CoreSupport/core_cm3.o
 .debug_loc     0x00000000000003d6       0xd1 ./Libraries/CMSIS/CM3/DeviceSupport/ST/STM32F10x/system_stm32f10x.o
 .debug_loc     0x00000000000004a7       0x63 ./Device/startup/crt.o
 .debug_loc     0x000000000000050a      0x521 ./Device/startup/newlib_stubs.o
 .debug_loc     0x0000000000000a2b       0x21 ./Libraries/Drivers/Utilities/delay.o
 .debug_loc     0x0000000000000a4c      0x1a5 ./Libraries/Drivers/Leds/leds.o
 .debug_loc     0x0000000000000bf1       0x8e ./Libraries/Drivers/Buttons/buttons.o
 .debug_loc     0x0000000000000c7f      0x1aa ./Libraries/Drivers/Usart/usart.o
 .debug_loc     0x0000000000000e29      0x17c ./Libraries/Drivers/i2c/i2c1_remap.o
 .debug_loc     0x0000000000000fa5      0x126 ./Libraries/Drivers/BH1750/bh1750.o
 .debug_loc     0x00000000000010cb      0x141 mytasks.o
 .debug_loc     0x000000000000120c       0xd4 ./FreeRTOS/Source/portable/GCC/ARM_CM3/port.o
 .debug_loc     0x00000000000012e0      0x293 ./FreeRTOS/Source/portable/MemMang/heap_2.o
 .debug_loc     0x0000000000001573     0x1879 ./FreeRTOS/Source/tasks.o
 .debug_loc     0x0000000000002dec      0xf94 ./FreeRTOS/Source/queue.o
 .debug_loc     0x0000000000003d80       0xb4 ./FreeRTOS/Source/list.o
 .debug_loc     0x0000000000003e34      0x84f ./Libraries/STM32F10x_StdPeriph_Driver/src/stm32f10x_usart.o
 .debug_loc     0x0000000000004683      0x779 ./Libraries/STM32F10x_StdPeriph_Driver/src/stm32f10x_i2c.o
 .debug_loc     0x0000000000004dfc      0x5d6 ./Libraries/STM32F10x_StdPeriph_Driver/src/stm32f10x_gpio.o
 .debug_loc     0x00000000000053d2      0x6d5 ./Libraries/STM32F10x_StdPeriph_Driver/src/stm32f10x_rcc.o
 .debug_loc     0x0000000000005aa7      0x6b8 ./Libraries/STM32F10x_StdPeriph_Driver/src/stm32f10x_spi.o
 .debug_loc     0x000000000000615f      0x43b ./Libraries/STM32F10x_StdPeriph_Driver/src/stm32f10x_fsmc.o
 .debug_loc     0x000000000000659a      0x192 ./Libraries/STM32F10x_StdPeriph_Driver/src/stm32f10x_exti.o
 .debug_loc     0x000000000000672c      0x190 ./Libraries/STM32F10x_StdPeriph_Driver/src/misc.o

.debug_aranges  0x0000000000000000      0x368
 .debug_aranges
                0x0000000000000000       0x28 main.o
 .debug_aranges
                0x0000000000000028       0x20 stm32f10x_it.o
 .debug_aranges
                0x0000000000000048       0x20 ./Libraries/CMSIS/CM3/CoreSupport/core_cm3.o
 .debug_aranges
                0x0000000000000068       0x20 ./Libraries/CMSIS/CM3/DeviceSupport/ST/STM32F10x/system_stm32f10x.o
 .debug_aranges
                0x0000000000000088       0x20 ./Device/startup/crt.o
 .debug_aranges
                0x00000000000000a8       0x20 ./Device/startup/vectors_stm32f10x_md.o
 .debug_aranges
                0x00000000000000c8       0x20 ./Device/startup/newlib_stubs.o
 .debug_aranges
                0x00000000000000e8       0x20 ./Libraries/Drivers/Utilities/delay.o
 .debug_aranges
                0x0000000000000108       0x20 ./Libraries/Drivers/Leds/leds.o
 .debug_aranges
                0x0000000000000128       0x20 ./Libraries/Drivers/Buttons/buttons.o
 .debug_aranges
                0x0000000000000148       0x20 ./Libraries/Drivers/Usart/usart.o
 .debug_aranges
                0x0000000000000168       0x20 ./Libraries/Drivers/i2c/i2c1_remap.o
 .debug_aranges
                0x0000000000000188       0x20 ./Libraries/Drivers/BH1750/bh1750.o
 .debug_aranges
                0x00000000000001a8       0x20 mytasks.o
 .debug_aranges
                0x00000000000001c8       0x20 ./FreeRTOS/Source/portable/GCC/ARM_CM3/port.o
 .debug_aranges
                0x00000000000001e8       0x20 ./FreeRTOS/Source/portable/MemMang/heap_2.o
 .debug_aranges
                0x0000000000000208       0x20 ./FreeRTOS/Source/tasks.o
 .debug_aranges
                0x0000000000000228       0x20 ./FreeRTOS/Source/queue.o
 .debug_aranges
                0x0000000000000248       0x20 ./FreeRTOS/Source/list.o
 .debug_aranges
                0x0000000000000268       0x20 ./Libraries/STM32F10x_StdPeriph_Driver/src/stm32f10x_usart.o
 .debug_aranges
                0x0000000000000288       0x20 ./Libraries/STM32F10x_StdPeriph_Driver/src/stm32f10x_i2c.o
 .debug_aranges
                0x00000000000002a8       0x20 ./Libraries/STM32F10x_StdPeriph_Driver/src/stm32f10x_gpio.o
 .debug_aranges
                0x00000000000002c8       0x20 ./Libraries/STM32F10x_StdPeriph_Driver/src/stm32f10x_rcc.o
 .debug_aranges
                0x00000000000002e8       0x20 ./Libraries/STM32F10x_StdPeriph_Driver/src/stm32f10x_spi.o
 .debug_aranges
                0x0000000000000308       0x20 ./Libraries/STM32F10x_StdPeriph_Driver/src/stm32f10x_fsmc.o
 .debug_aranges
                0x0000000000000328       0x20 ./Libraries/STM32F10x_StdPeriph_Driver/src/stm32f10x_exti.o
 .debug_aranges
                0x0000000000000348       0x20 ./Libraries/STM32F10x_StdPeriph_Driver/src/misc.o

.debug_ranges   0x0000000000000000      0x110
 .debug_ranges  0x0000000000000000       0x18 main.o
 .debug_ranges  0x0000000000000018       0x10 ./Libraries/CMSIS/CM3/CoreSupport/core_cm3.o
 .debug_ranges  0x0000000000000028       0x18 ./Libraries/CMSIS/CM3/DeviceSupport/ST/STM32F10x/system_stm32f10x.o
 .debug_ranges  0x0000000000000040       0x18 ./FreeRTOS/Source/portable/MemMang/heap_2.o
 .debug_ranges  0x0000000000000058       0xa0 ./FreeRTOS/Source/tasks.o
 .debug_ranges  0x00000000000000f8       0x18 ./FreeRTOS/Source/queue.o

.debug_line     0x0000000000000000     0x442c
 .debug_line    0x0000000000000000      0x267 main.o
 .debug_line    0x0000000000000267      0x260 stm32f10x_it.o
 .debug_line    0x00000000000004c7      0x175 ./Libraries/CMSIS/CM3/CoreSupport/core_cm3.o
 .debug_line    0x000000000000063c      0x1a9 ./Libraries/CMSIS/CM3/DeviceSupport/ST/STM32F10x/system_stm32f10x.o
 .debug_line    0x00000000000007e5      0x10c ./Device/startup/crt.o
 .debug_line    0x00000000000008f1      0x18f ./Device/startup/vectors_stm32f10x_md.o
 .debug_line    0x0000000000000a80      0x23a ./Device/startup/newlib_stubs.o
 .debug_line    0x0000000000000cba      0x1a7 ./Libraries/Drivers/Utilities/delay.o
 .debug_line    0x0000000000000e61      0x1ff ./Libraries/Drivers/Leds/leds.o
 .debug_line    0x0000000000001060      0x1d4 ./Libraries/Drivers/Buttons/buttons.o
 .debug_line    0x0000000000001234      0x2b3 ./Libraries/Drivers/Usart/usart.o
 .debug_line    0x00000000000014e7      0x26d ./Libraries/Drivers/i2c/i2c1_remap.o
 .debug_line    0x0000000000001754      0x1b7 ./Libraries/Drivers/BH1750/bh1750.o
 .debug_line    0x000000000000190b      0x3b6 mytasks.o
 .debug_line    0x0000000000001cc1      0x201 ./FreeRTOS/Source/portable/GCC/ARM_CM3/port.o
 .debug_line    0x0000000000001ec2      0x238 ./FreeRTOS/Source/portable/MemMang/heap_2.o
 .debug_line    0x00000000000020fa      0x728 ./FreeRTOS/Source/tasks.o
 .debug_line    0x0000000000002822      0x42d ./FreeRTOS/Source/queue.o
 .debug_line    0x0000000000002c4f      0x1a6 ./FreeRTOS/Source/list.o
 .debug_line    0x0000000000002df5      0x31e ./Libraries/STM32F10x_StdPeriph_Driver/src/stm32f10x_usart.o
 .debug_line    0x0000000000003113      0x340 ./Libraries/STM32F10x_StdPeriph_Driver/src/stm32f10x_i2c.o
 .debug_line    0x0000000000003453      0x2b8 ./Libraries/STM32F10x_StdPeriph_Driver/src/stm32f10x_gpio.o
 .debug_line    0x000000000000370b      0x2d4 ./Libraries/STM32F10x_StdPeriph_Driver/src/stm32f10x_rcc.o
 .debug_line    0x00000000000039df      0x2ef ./Libraries/STM32F10x_StdPeriph_Driver/src/stm32f10x_spi.o
 .debug_line    0x0000000000003cce      0x34d ./Libraries/STM32F10x_StdPeriph_Driver/src/stm32f10x_fsmc.o
 .debug_line    0x000000000000401b      0x228 ./Libraries/STM32F10x_StdPeriph_Driver/src/stm32f10x_exti.o
 .debug_line    0x0000000000004243      0x1e9 ./Libraries/STM32F10x_StdPeriph_Driver/src/misc.o

.debug_str      0x0000000000000000     0x3fd3
 .debug_str     0x0000000000000000      0x1fa main.o
                                        0x25e (size before relaxing)
 .debug_str     0x00000000000001fa      0x1d6 stm32f10x_it.o
                                        0x397 (size before relaxing)
 .debug_str     0x00000000000003d0      0x178 ./Libraries/CMSIS/CM3/CoreSupport/core_cm3.o
                                        0x2fb (size before relaxing)
 .debug_str     0x0000000000000548      0x166 ./Libraries/CMSIS/CM3/DeviceSupport/ST/STM32F10x/system_stm32f10x.o
                                        0x30d (size before relaxing)
 .debug_str     0x00000000000006ae       0x55 ./Device/startup/crt.o
                                        0x1b2 (size before relaxing)
 .debug_str     0x0000000000000703      0x34a ./Device/startup/vectors_stm32f10x_md.o
                                        0x4db (size before relaxing)
 .debug_str     0x0000000000000a4d      0x1da ./Device/startup/newlib_stubs.o
                                        0x3f8 (size before relaxing)
 .debug_str     0x0000000000000c27       0x43 ./Libraries/Drivers/Utilities/delay.o
                                        0x1b1 (size before relaxing)
 .debug_str     0x0000000000000c6a      0x1d1 ./Libraries/Drivers/Leds/leds.o
                                        0x388 (size before relaxing)
 .debug_str     0x0000000000000e3b       0x58 ./Libraries/Drivers/Buttons/buttons.o
                                        0x35d (size before relaxing)
 .debug_str     0x0000000000000e93      0x50d ./Libraries/Drivers/Usart/usart.o
                                        0x8c2 (size before relaxing)
 .debug_str     0x00000000000013a0      0x21b ./Libraries/Drivers/i2c/i2c1_remap.o
                                        0x593 (size before relaxing)
 .debug_str     0x00000000000015bb       0x5d ./Libraries/Drivers/BH1750/bh1750.o
                                        0x25a (size before relaxing)
 .debug_str     0x0000000000001618      0x10d mytasks.o
                                        0x387 (size before relaxing)
 .debug_str     0x0000000000001725      0x187 ./FreeRTOS/Source/portable/GCC/ARM_CM3/port.o
                                        0x320 (size before relaxing)
 .debug_str     0x00000000000018ac      0x188 ./FreeRTOS/Source/portable/MemMang/heap_2.o
                                        0x31b (size before relaxing)
 .debug_str     0x0000000000001a34      0xa66 ./FreeRTOS/Source/tasks.o
                                        0xdf0 (size before relaxing)
 .debug_str     0x000000000000249a      0x378 ./FreeRTOS/Source/queue.o
                                        0x86a (size before relaxing)
 .debug_str     0x0000000000002812       0x54 ./FreeRTOS/Source/list.o
                                        0x2b1 (size before relaxing)
 .debug_str     0x0000000000002866      0x38d ./Libraries/STM32F10x_StdPeriph_Driver/src/stm32f10x_usart.o
                                        0x6f7 (size before relaxing)
 .debug_str     0x0000000000002bf3      0x2b7 ./Libraries/STM32F10x_StdPeriph_Driver/src/stm32f10x_i2c.o
                                        0x6b6 (size before relaxing)
 .debug_str     0x0000000000002eaa      0x204 ./Libraries/STM32F10x_StdPeriph_Driver/src/stm32f10x_gpio.o
                                        0x557 (size before relaxing)
 .debug_str     0x00000000000030ae      0x2f5 ./Libraries/STM32F10x_StdPeriph_Driver/src/stm32f10x_rcc.o
                                        0x641 (size before relaxing)
 .debug_str     0x00000000000033a3      0x361 ./Libraries/STM32F10x_StdPeriph_Driver/src/stm32f10x_spi.o
                                        0x664 (size before relaxing)
 .debug_str     0x0000000000003704      0x5cb ./Libraries/STM32F10x_StdPeriph_Driver/src/stm32f10x_fsmc.o
                                        0x7a1 (size before relaxing)